[2J[01;01H[=3h[2J[01;01H[2J[01;01H[=3h[2J[01;01H[2J[01;01H[=3h[2J[01;01HBdsDxe: loading Boot0001 "UEFI QEMU HARDDISK USOS-POST-MERGE-V2 " from PciRoot(0x0)/Pci(0x1F,0x2)/Sata(0x0,0xFFFF,0x0)
BdsDxe: starting Boot0001 "UEFI QEMU HARDDISK USOS-POST-MERGE-V2 " from PciRoot(0x0)/Pci(0x1F,0x2)/Sata(0x0,0xFFFF,0x0)
USOS MANUAL FLOW BOOT PASS
PERSISTENT PHASE PREPARE-REQUESTED PASS
BOOTORDER BACKUP PASS
BOOTNEXT CURRENT PASS
MICRO-LINUX EFI LOADIMAGE PASS
MICRO-LINUX STARTIMAGE BEGIN
[    0.000000] Linux version 6.18.35-0-virt (buildozer@build-3-24-x86_64) (cc (Alpine 15.2.0) 15.2.0, GNU ld (GNU Binutils) 2.45.1) #1-Alpine SMP PREEMPT_DYNAMIC 2026-06-09 12:34:47
[    0.000000] Command line: initrd=\EFI\USOS\micro-linux\initramfs-usos console=tty0 console=ttyS0,115200 rdinit=/usos-init usos.esp_partuuid=1c67a6c0-6562-44e2-8f95-3ba131d4060e
[    0.000000] BIOS-provided physical RAM map:
[    0.000000] BIOS-e820: [mem 0x0000000000000000-0x000000000009ffff] usable
[    0.000000] BIOS-e820: [mem 0x0000000000100000-0x00000000007fffff] usable
[    0.000000] BIOS-e820: [mem 0x0000000000800000-0x0000000000807fff] ACPI NVS
[    0.000000] BIOS-e820: [mem 0x0000000000808000-0x000000000080afff] usable
[    0.000000] BIOS-e820: [mem 0x000000000080b000-0x000000000080bfff] ACPI NVS
[    0.000000] BIOS-e820: [mem 0x000000000080c000-0x0000000000810fff] usable
[    0.000000] BIOS-e820: [mem 0x0000000000811000-0x00000000008fffff] ACPI NVS
[    0.000000] BIOS-e820: [mem 0x0000000000900000-0x000000007ee2afff] usable
[    0.000000] BIOS-e820: [mem 0x000000007ee2b000-0x000000007eeebfff] reserved
[    0.000000] BIOS-e820: [mem 0x000000007eeec000-0x000000007f8ecfff] usable
[    0.000000] BIOS-e820: [mem 0x000000007f8ed000-0x000000007fb6cfff] reserved
[    0.000000] BIOS-e820: [mem 0x000000007fb6d000-0x000000007fb7efff] ACPI data
[    0.000000] BIOS-e820: [mem 0x000000007fb7f000-0x000000007fbfefff] ACPI NVS
[    0.000000] BIOS-e820: [mem 0x000000007fbff000-0x000000007fe7ffff] usable
[    0.000000] BIOS-e820: [mem 0x000000007fe80000-0x000000007fe83fff] reserved
[    0.000000] BIOS-e820: [mem 0x000000007fe84000-0x000000007fe85fff] ACPI NVS
[    0.000000] BIOS-e820: [mem 0x000000007fe86000-0x000000007fedbfff] usable
[    0.000000] BIOS-e820: [mem 0x000000007fedc000-0x000000007ff5ffff] reserved
[    0.000000] BIOS-e820: [mem 0x000000007ff60000-0x000000007fffffff] ACPI NVS
[    0.000000] BIOS-e820: [mem 0x00000000e0000000-0x00000000efffffff] reserved
[    0.000000] BIOS-e820: [mem 0x00000000ffc00000-0x00000000ffffffff] reserved
[    0.000000] BIOS-e820: [mem 0x0000000100000000-0x000000017fffffff] usable
[    0.000000] BIOS-e820: [mem 0x000000fd00000000-0x000000ffffffffff] reserved
[    0.000000] NX (Execute Disable) protection: active
[    0.000000] APIC: Static calls initialized
[    0.000000] efi: EFI v2.7 by EDK II
[    0.000000] efi: SMBIOS=0x7f988000 ACPI=0x7fb7e000 ACPI 2.0=0x7fb7e014 MEMATTR=0x7e1a0518 INITRD=0x7e084f98 RNG=0x7fb73018 
[    0.000000] random: crng init done
[    0.000000] efi: Remove mem129: MMIO range=[0xffc00000-0xffffffff] (4MB) from e820 map
[    0.000000] SMBIOS 2.8 present.
[    0.000000] DMI: QEMU Standard PC (Q35 + ICH9, 2009), BIOS edk2-stable202408-prebuilt.qemu.org 08/13/2024
[    0.000000] DMI: Memory slots populated: 1/1
[    0.000000] tsc: Fast TSC calibration using PIT
[    0.000000] tsc: Detected 3393.684 MHz processor
[    0.002752] last_pfn = 0x180000 max_arch_pfn = 0x10000000000
[    0.003855] MTRR map: 4 entries (2 fixed + 2 variable; max 18), built from 8 variable MTRRs
[    0.004143] x86/PAT: Configuration [0-7]: WB  WC  UC- UC  WB  WP  UC- WT  
[    0.005967] last_pfn = 0x7fedc max_arch_pfn = 0x10000000000
[    0.051727] Using GB pages for direct mapping
[    0.061282] Secure boot disabled
[    0.061370] RAMDISK: [mem 0x7a6a4000-0x7b2effff]
[    0.061937] ACPI: Early table checksum verification disabled
[    0.062813] ACPI: RSDP 0x000000007FB7E014 000024 (v02 BOCHS )
[    0.063377] ACPI: XSDT 0x000000007FB7D0E8 000054 (v01 BOCHS  BXPC     00000001      01000013)
[    0.064532] ACPI: FACP 0x000000007FB79000 0000F4 (v03 BOCHS  BXPC     00000001 BXPC 00000001)
[    0.065612] ACPI: DSDT 0x000000007FB7A000 0021FC (v01 BOCHS  BXPC     00000001 BXPC 00000001)
[    0.065732] ACPI: FACS 0x000000007FBDD000 000040
[    0.065841] ACPI: APIC 0x000000007FB78000 000090 (v03 BOCHS  BXPC     00000001 BXPC 00000001)
[    0.065909] ACPI: HPET 0x000000007FB77000 000038 (v01 BOCHS  BXPC     00000001 BXPC 00000001)
[    0.065944] ACPI: MCFG 0x000000007FB76000 00003C (v01 BOCHS  BXPC     00000001 BXPC 00000001)
[    0.065975] ACPI: WAET 0x000000007FB75000 000028 (v01 BOCHS  BXPC     00000001 BXPC 00000001)
[    0.066005] ACPI: BGRT 0x000000007FB74000 000038 (v01 INTEL  EDK2     00000002      01000013)
[    0.066238] ACPI: Reserving FACP table memory at [mem 0x7fb79000-0x7fb790f3]
[    0.066293] ACPI: Reserving DSDT table memory at [mem 0x7fb7a000-0x7fb7c1fb]
[    0.066303] ACPI: Reserving FACS table memory at [mem 0x7fbdd000-0x7fbdd03f]
[    0.066311] ACPI: Reserving APIC table memory at [mem 0x7fb78000-0x7fb7808f]
[    0.066319] ACPI: Reserving HPET table memory at [mem 0x7fb77000-0x7fb77037]
[    0.066327] ACPI: Reserving MCFG table memory at [mem 0x7fb76000-0x7fb7603b]
[    0.066336] ACPI: Reserving WAET table memory at [mem 0x7fb75000-0x7fb75027]
[    0.066344] ACPI: Reserving BGRT table memory at [mem 0x7fb74000-0x7fb74037]
[    0.072216] No NUMA configuration found
[    0.072252] Faking a node at [mem 0x0000000000000000-0x000000017fffffff]
[    0.073766] NODE_DATA(0) allocated [mem 0x17fffbd40-0x17fffffff]
[    0.078213] Zone ranges:
[    0.078247]   DMA      [mem 0x0000000000001000-0x0000000000ffffff]
[    0.078337]   DMA32    [mem 0x0000000001000000-0x00000000ffffffff]
[    0.078347]   Normal   [mem 0x0000000100000000-0x000000017fffffff]
[    0.078371] Movable zone start for each node
[    0.078419] Early memory node ranges
[    0.078455]   node   0: [mem 0x0000000000001000-0x000000000009ffff]
[    0.078679]   node   0: [mem 0x0000000000100000-0x00000000007fffff]
[    0.078686]   node   0: [mem 0x0000000000808000-0x000000000080afff]
[    0.078691]   node   0: [mem 0x000000000080c000-0x0000000000810fff]
[    0.078696]   node   0: [mem 0x0000000000900000-0x000000007ee2afff]
[    0.078737]   node   0: [mem 0x000000007eeec000-0x000000007f8ecfff]
[    0.078744]   node   0: [mem 0x000000007fbff000-0x000000007fe7ffff]
[    0.078750]   node   0: [mem 0x000000007fe86000-0x000000007fedbfff]
[    0.078756]   node   0: [mem 0x0000000100000000-0x000000017fffffff]
[    0.078916] Initmem setup node 0 [mem 0x0000000000001000-0x000000017fffffff]
[    0.080896] On node 0, zone DMA: 1 pages in unavailable ranges
[    0.081365] On node 0, zone DMA: 96 pages in unavailable ranges
[    0.081381] On node 0, zone DMA: 8 pages in unavailable ranges
[    0.081387] On node 0, zone DMA: 1 pages in unavailable ranges
[    0.081564] On node 0, zone DMA: 239 pages in unavailable ranges
[    0.122773] On node 0, zone DMA32: 193 pages in unavailable ranges
[    0.122891] On node 0, zone DMA32: 786 pages in unavailable ranges
[    0.122917] On node 0, zone DMA32: 6 pages in unavailable ranges
[    0.164491] On node 0, zone Normal: 292 pages in unavailable ranges
[    0.165517] ACPI: PM-Timer IO Port: 0x608
[    0.166270] ACPI: LAPIC_NMI (acpi_id[0xff] dfl dfl lint[0x1])
[    0.166869] IOAPIC[0]: apic_id 0, version 32, address 0xfec00000, GSI 0-23
[    0.167040] ACPI: INT_SRC_OVR (bus 0 bus_irq 0 global_irq 2 dfl dfl)
[    0.167422] ACPI: INT_SRC_OVR (bus 0 bus_irq 5 global_irq 5 high level)
[    0.167487] ACPI: INT_SRC_OVR (bus 0 bus_irq 9 global_irq 9 high level)
[    0.167690] ACPI: INT_SRC_OVR (bus 0 bus_irq 10 global_irq 10 high level)
[    0.167701] ACPI: INT_SRC_OVR (bus 0 bus_irq 11 global_irq 11 high level)
[    0.168033] ACPI: Using ACPI (MADT) for SMP configuration information
[    0.168106] ACPI: HPET id: 0x8086a201 base: 0xfed00000
[    0.170098] CPU topo: Max. logical packages:   1
[    0.170115] CPU topo: Max. logical dies:       1
[    0.170126] CPU topo: Max. dies per package:   1
[    0.170191] CPU topo: Max. threads per core:   1
[    0.170417] CPU topo: Num. cores per package:     4
[    0.170436] CPU topo: Num. threads per package:   4
[    0.170446] CPU topo: Allowing 4 present CPUs plus 0 hotplug CPUs
[    0.172001] [mem 0x80000000-0xdfffffff] available for PCI devices
[    0.172137] Booting paravirtualized kernel on bare hardware
[    0.172538] clocksource: refined-jiffies: mask: 0xffffffff max_cycles: 0xffffffff, max_idle_ns: 1910969940391419 ns
[    0.184027] setup_percpu: NR_CPUS:256 nr_cpumask_bits:4 nr_cpu_ids:4 nr_node_ids:1
[    0.187968] percpu: Embedded 55 pages/cpu s185752 r8192 d31336 u524288
[    0.190546] Kernel command line: initrd=\EFI\USOS\micro-linux\initramfs-usos console=tty0 console=ttyS0,115200 rdinit=/usos-init usos.esp_partuuid=1c67a6c0-6562-44e2-8f95-3ba131d4060e
[    0.192278] printk: log buffer data + meta data: 131072 + 458752 = 589824 bytes
[    0.193761] Dentry cache hash table entries: 524288 (order: 10, 4194304 bytes, linear)
[    0.194560] Inode-cache hash table entries: 262144 (order: 9, 2097152 bytes, linear)
[    0.198671] software IO TLB: area num 4.
[    0.232288] Fallback order for Node 0: 0 
[    0.232788] Built 1 zonelists, mobility grouping on.  Total pages: 1046954
[    0.232813] Policy zone: Normal
[    0.234257] mem auto-init: stack:all(zero), heap alloc:on, heap free:off
[    0.271331] SLUB: HWalign=64, Order=0-3, MinObjects=0, CPUs=4, Nodes=1
[    0.294235] Dynamic Preempt: none
[    0.298936] rcu: Preemptible hierarchical RCU implementation.
[    0.298984] rcu: 	RCU restricting CPUs from NR_CPUS=256 to nr_cpu_ids=4.
[    0.299333] 	Trampoline variant of Tasks RCU enabled.
[    0.299351] 	Tracing variant of Tasks RCU enabled.
[    0.299514] rcu: RCU calculated value of scheduler-enlistment delay is 100 jiffies.
[    0.299557] rcu: Adjusting geometry for rcu_fanout_leaf=16, nr_cpu_ids=4
[    0.301317] RCU Tasks: Setting shift to 2 and lim to 1 rcu_task_cb_adjust=1 rcu_task_cpu_ids=4.
[    0.301347] RCU Tasks Trace: Setting shift to 2 and lim to 1 rcu_task_cb_adjust=1 rcu_task_cpu_ids=4.
[    0.357931] NR_IRQS: 16640, nr_irqs: 456, preallocated irqs: 16
[    0.371336] rcu: srcu_init: Setting srcu_struct sizes based on contention.
[    0.378715] kfence: initialized - using 2097152 bytes for 255 objects at 0x(____ptrval____)-0x(____ptrval____)
[    0.384147] Console: colour dummy device 80x25
[    0.384680] printk: legacy console [tty0] enabled
[    0.391235] printk: legacy console [ttyS0] enabled
[    0.429981] ACPI: Core revision 20250807
[    0.437220] clocksource: hpet: mask: 0xffffffff max_cycles: 0xffffffff, max_idle_ns: 19112604467 ns
[    0.445508] APIC: Switch to symmetric I/O mode setup
[    0.446611] x2apic: IRQ remapping doesn't support X2APIC mode
[    0.453651] ..TIMER: vector=0x30 apic1=0 pin1=2 apic2=-1 pin2=-1
[    0.460237] clocksource: tsc-early: mask: 0xffffffffffffffff max_cycles: 0x30eb001f721, max_idle_ns: 440795290577 ns
[    0.461433] Calibrating delay loop (skipped), value calculated using timer frequency.. 6787.36 BogoMIPS (lpj=3393684)
[    0.464713] x86/cpu: User Mode Instruction Prevention (UMIP) activated
[    0.471360] Last level iTLB entries: 4KB 0, 2MB 0, 4MB 0
[    0.471788] Last level dTLB entries: 4KB 0, 2MB 0, 4MB 0, 1GB 0
[    0.473141] mitigations: Enabled attack vectors: user_kernel, user_user, guest_host, guest_guest, SMT mitigations: auto
[    0.473604] Speculative Store Bypass: Vulnerable
[    0.474474] Spectre V2 : Mitigation: Retpolines
[    0.474960] Spectre V1 : Mitigation: usercopy/swapgs barriers and __user pointer sanitization
[    0.475141] Spectre V2 : Spectre v2 / SpectreRSB: Filling RSB on context switch and VMEXIT
[    0.480312] x86/fpu: Supporting XSAVE feature 0x001: 'x87 floating point registers'
[    0.484141] x86/fpu: Supporting XSAVE feature 0x002: 'SSE registers'
[    0.484141] x86/fpu: Supporting XSAVE feature 0x004: 'AVX registers'
[    0.484184] x86/fpu: Supporting XSAVE feature 0x008: 'MPX bounds registers'
[    0.484494] x86/fpu: Supporting XSAVE feature 0x010: 'MPX CSR'
[    0.485271] x86/fpu: xstate_offset[2]:  576, xstate_sizes[2]:  256
[    0.485668] x86/fpu: xstate_offset[3]:  960, xstate_sizes[3]:   64
[    0.485976] x86/fpu: xstate_offset[4]: 1024, xstate_sizes[4]:   64
[    0.486141] x86/fpu: Enabled xstate features 0x1f, context size is 1088 bytes, using 'standard' format.
[    0.646141] Freeing SMP alternatives memory: 40K
[    0.647826] pid_max: default: 32768 minimum: 301
[    0.655141] LSM: initializing lsm=lockdown,capability,landlock,yama
[    0.658141] landlock: Up and running.
[    0.658141] Yama: becoming mindful.
[    0.661141] Mount-cache hash table entries: 8192 (order: 4, 65536 bytes, linear)
[    0.661141] Mountpoint-cache hash table entries: 8192 (order: 4, 65536 bytes, linear)
[    0.774141] smpboot: CPU0: AMD QEMU TCG CPU version 2.5+ (family: 0x6, model: 0x6, stepping: 0x3)
[    0.791141] Performance Events: PMU not available due to virtualization, using software events only.
[    0.793062] signal: max sigframe size: 2032
[    0.794794] rcu: Hierarchical SRCU implementation.
[    0.795175] rcu: 	Max phase no-delay instances is 400.
[    0.797165] Timer migration: 1 hierarchy levels; 8 children per group; 1 crossnode level
[    0.802141] NMI watchdog: Perf NMI watchdog permanently disabled
[    0.808505] smp: Bringing up secondary CPUs ...
[    0.815618] smpboot: x86: Booting SMP configuration:
[    0.815902] .... node  #0, CPUs:      #1 #2 #3
[    0.074975] calibrate_delay_direct() dropping min bogoMips estimate 3 = 3541761
[    0.074975] calibrate_delay_direct() dropping min bogoMips estimate 2 = 4433715
[    0.074975] calibrate_delay_direct() dropping min bogoMips estimate 0 = 5091238
[    0.074975] calibrate_delay_direct() dropping max bogoMips estimate 2 = 4754417
[    0.074975] calibrate_delay_direct() dropping max bogoMips estimate 4 = 4473000
[    0.074975] calibrate_delay_direct() dropping min bogoMips estimate 1 = 3607908
[    0.074975] calibrate_delay_direct() dropping max bogoMips estimate 3 = 4935762
[    1.049988] smp: Brought up 1 node, 4 CPUs
[    1.050662] smpboot: Total of 4 processors activated (34264.25 BogoMIPS)
[    1.062141] Memory: 3954932K/4187816K available (14650K kernel code, 2032K rwdata, 9844K rodata, 2996K init, 1168K bss, 227592K reserved, 0K cma-reserved)
[    1.072548] devtmpfs: initialized
[    1.077141] x86/mm: Memory block size: 128MB
[    1.090614] ACPI: PM: Registering ACPI NVS region [mem 0x00800000-0x00807fff] (32768 bytes)
[    1.091308] ACPI: PM: Registering ACPI NVS region [mem 0x0080b000-0x0080bfff] (4096 bytes)
[    1.091665] ACPI: PM: Registering ACPI NVS region [mem 0x00811000-0x008fffff] (978944 bytes)
[    1.092316] ACPI: PM: Registering ACPI NVS region [mem 0x7fb7f000-0x7fbfefff] (524288 bytes)
[    1.092757] ACPI: PM: Registering ACPI NVS region [mem 0x7fe84000-0x7fe85fff] (8192 bytes)
[    1.093186] ACPI: PM: Registering ACPI NVS region [mem 0x7ff60000-0x7fffffff] (655360 bytes)
[    1.095490] clocksource: jiffies: mask: 0xffffffff max_cycles: 0xffffffff, max_idle_ns: 1911260446275000 ns
[    1.096141] posixtimers hash table entries: 2048 (order: 3, 32768 bytes, linear)
[    1.096141] futex hash table entries: 1024 (65536 bytes on 1 NUMA nodes, total 64 KiB, linear).
[    1.117141] NET: Registered PF_NETLINK/PF_ROUTE protocol family
[    1.123135] audit: initializing netlink subsys (disabled)
[    1.125698] audit: type=2000 audit(1788402086.679:1): state=initialized audit_enabled=0 res=1
[    1.128252] thermal_sys: Registered thermal governor 'step_wise'
[    1.129495] cpuidle: using governor ladder
[    1.130175] cpuidle: using governor menu
[    1.139141] efi: Freeing EFI boot services memory: 35076K
[    1.139381] acpiphp: ACPI Hot Plug PCI Controller Driver version: 0.5
[    1.142912] PCI: ECAM [mem 0xe0000000-0xefffffff] (base 0xe0000000) for domain 0000 [bus 00-ff]
[    1.145141] PCI: Using configuration type 1 for base access
[    1.145141] mtrr: your CPUs had inconsistent fixed MTRR settings
[    1.145141] mtrr: your CPUs had inconsistent variable MTRR settings
[    1.145141] mtrr: your CPUs had inconsistent MTRRdefType settings
[    1.145141] mtrr: probably your BIOS does not setup all CPUs.
[    1.146181] mtrr: corrected configuration.
[    1.148333] kprobes: kprobe jump-optimization is enabled. All kprobes are optimized if possible.
[    1.156254] HugeTLB: registered 1.00 GiB page size, pre-allocated 0 pages
[    1.156621] HugeTLB: 16380 KiB vmemmap can be freed for a 1.00 GiB page
[    1.156923] HugeTLB: registered 2.00 MiB page size, pre-allocated 0 pages
[    1.157154] HugeTLB: 28 KiB vmemmap can be freed for a 2.00 MiB page
[    1.173141] ACPI: Added _OSI(Module Device)
[    1.173141] ACPI: Added _OSI(Processor Device)
[    1.173141] ACPI: Added _OSI(Processor Aggregator Device)
[    1.186141] ACPI: 1 ACPI AML tables successfully acquired and loaded
[    1.203141] ACPI: Interpreter enabled
[    1.204722] ACPI: PM: (supports S0 S3 S5)
[    1.204975] ACPI: Using IOAPIC for interrupt routing
[    1.207189] PCI: Using host bridge windows from ACPI; if necessary, use "pci=nocrs" and report a bug
[    1.207629] PCI: Ignoring E820 reservations for host bridge windows
[    1.209141] ACPI: Enabled 2 GPEs in block 00 to 3F
[    1.240739] ACPI: PCI Root Bridge [PCI0] (domain 0000 [bus 00-ff])
[    1.241804] acpi PNP0A08:00: _OSC: OS supports [ExtendedConfig ASPM ClockPM Segments MSI HPX-Type3]
[    1.243871] acpi PNP0A08:00: _OSC: platform does not support [PCIeHotplug LTR]
[    1.244431] acpi PNP0A08:00: _OSC: OS now controls [PME PCIeCapability]
[    1.250287] PCI host bridge to bus 0000:00
[    1.250830] pci_bus 0000:00: root bus resource [io  0x0000-0x0cf7 window]
[    1.251219] pci_bus 0000:00: root bus resource [io  0x0d00-0xffff window]
[    1.251520] pci_bus 0000:00: root bus resource [mem 0x000a0000-0x000bffff window]
[    1.251846] pci_bus 0000:00: root bus resource [mem 0x80000000-0xdfffffff window]
[    1.252157] pci_bus 0000:00: root bus resource [mem 0xf0000000-0xfebfffff window]
[    1.252487] pci_bus 0000:00: root bus resource [mem 0xc000000000-0xc7ffffffff window]
[    1.253017] pci_bus 0000:00: root bus resource [bus 00-ff]
[    1.254396] pci 0000:00:00.0: [8086:29c0] type 00 class 0x060000 conventional PCI endpoint
[    1.260084] pci 0000:00:01.0: [1234:1111] type 00 class 0x030000 conventional PCI endpoint
[    1.261141] pci 0000:00:01.0: BAR 0 [mem 0x80000000-0x80ffffff pref]
[    1.261200] pci 0000:00:01.0: BAR 2 [mem 0x81011000-0x81011fff]
[    1.261512] pci 0000:00:01.0: ROM [mem 0xffff0000-0xffffffff pref]
[    1.262433] pci 0000:00:01.0: Video device with shadowed ROM at [mem 0x000c0000-0x000dffff]
[    1.263571] pci 0000:00:02.0: [1b36:000d] type 00 class 0x0c0330 PCIe Root Complex Integrated Endpoint
[    1.264141] pci 0000:00:02.0: BAR 0 [mem 0xc000000000-0xc000003fff 64bit]
[    1.264287] pci 0000:00:02.0: enabling Extended Tags
[    1.265141] pci 0000:00:1f.0: [8086:2918] type 00 class 0x060100 conventional PCI endpoint
[    1.265547] pci 0000:00:1f.0: quirk: [io  0x0600-0x067f] claimed by ICH6 ACPI/GPIO/TCO
[    1.266311] pci 0000:00:1f.2: [8086:2922] type 00 class 0x010601 conventional PCI endpoint
[    1.268202] pci 0000:00:1f.2: BAR 4 [io  0x6040-0x605f]
[    1.268502] pci 0000:00:1f.2: BAR 5 [mem 0x81010000-0x81010fff]
[    1.269545] pci 0000:00:1f.3: [8086:2930] type 00 class 0x0c0500 conventional PCI endpoint
[    1.270543] pci 0000:00:1f.3: BAR 4 [io  0x6000-0x603f]
[    1.276461] ACPI: PCI: Interrupt link LNKA configured for IRQ 10
[    1.277733] ACPI: PCI: Interrupt link LNKB configured for IRQ 10
[    1.278427] ACPI: PCI: Interrupt link LNKC configured for IRQ 11
[    1.279025] ACPI: PCI: Interrupt link LNKD configured for IRQ 11
[    1.279598] ACPI: PCI: Interrupt link LNKE configured for IRQ 10
[    1.280543] ACPI: PCI: Interrupt link LNKF configured for IRQ 10
[    1.281179] ACPI: PCI: Interrupt link LNKG configured for IRQ 11
[    1.281783] ACPI: PCI: Interrupt link LNKH configured for IRQ 11
[    1.282140] ACPI: PCI: Interrupt link GSIA configured for IRQ 16
[    1.282253] ACPI: PCI: Interrupt link GSIB configured for IRQ 17
[    1.282577] ACPI: PCI: Interrupt link GSIC configured for IRQ 18
[    1.282877] ACPI: PCI: Interrupt link GSID configured for IRQ 19
[    1.283216] ACPI: PCI: Interrupt link GSIE configured for IRQ 20
[    1.283565] ACPI: PCI: Interrupt link GSIF configured for IRQ 21
[    1.283877] ACPI: PCI: Interrupt link GSIG configured for IRQ 22
[    1.284141] ACPI: PCI: Interrupt link GSIH configured for IRQ 23
[    1.288441] iommu: Default domain type: Translated
[    1.288706] iommu: DMA domain TLB invalidation policy: lazy mode
[    1.291563] SCSI subsystem initialized
[    1.292845] pps_core: LinuxPPS API ver. 1 registered
[    1.293082] pps_core: Software ver. 5.3.6 - Copyright 2005-2007 Rodolfo Giometti <giometti@linux.it>
[    1.293698] PTP clock support registered
[    1.295959] efivars: Registered efivars operations
[    1.306001] PCI: Using ACPI for IRQ routing
[    1.315852] clocksource: Switched to clocksource tsc-early
[    1.325486] VFS: Disk quotas dquot_6.6.0
[    1.325486] VFS: Dquot-cache hash table entries: 512 (order 0, 4096 bytes)
[    1.329631] pnp: PnP ACPI init
[    1.332950] ACPI: IRQ 4 override to edge(!), high(!)
[    1.334489] system 00:05: [mem 0xe0000000-0xefffffff window] has been reserved
[    1.338177] pnp: PnP ACPI: found 6 devices
[    1.378266] clocksource: acpi_pm: mask: 0xffffff max_cycles: 0xffffff, max_idle_ns: 2085701024 ns
[    1.379684] NET: Registered PF_INET protocol family
[    1.382598] IP idents hash table entries: 65536 (order: 7, 524288 bytes, linear)
[    1.467085] tcp_listen_portaddr_hash hash table entries: 2048 (order: 3, 32768 bytes, linear)
[    1.468207] Table-perturb hash table entries: 65536 (order: 6, 262144 bytes, linear)
[    1.469280] TCP established hash table entries: 32768 (order: 6, 262144 bytes, linear)
[    1.472331] TCP bind hash table entries: 32768 (order: 8, 1048576 bytes, linear)
[    1.473342] TCP: Hash tables configured (established 32768 bind 32768)
[    1.476680] MPTCP token hash table entries: 4096 (order: 5, 98304 bytes, linear)
[    1.477168] UDP hash table entries: 2048 (order: 5, 131072 bytes, linear)
[    1.478899] UDP-Lite hash table entries: 2048 (order: 5, 131072 bytes, linear)
[    1.481529] NET: Registered PF_UNIX/PF_LOCAL protocol family
[    1.481695] NET: Registered PF_XDP protocol family
[    1.483706] pci_bus 0000:00: resource 4 [io  0x0000-0x0cf7 window]
[    1.483706] pci_bus 0000:00: resource 5 [io  0x0d00-0xffff window]
[    1.483706] pci_bus 0000:00: resource 6 [mem 0x000a0000-0x000bffff window]
[    1.484851] pci_bus 0000:00: resource 7 [mem 0x80000000-0xdfffffff window]
[    1.485134] pci_bus 0000:00: resource 8 [mem 0xf0000000-0xfebfffff window]
[    1.485413] pci_bus 0000:00: resource 9 [mem 0xc000000000-0xc7ffffffff window]
[    1.491018] ACPI: \_SB_.GSIG: Enabled at IRQ 22
[    1.499754] pci 0000:00:02.0: quirk_usb_early_handoff+0x0/0x760 took 13047 usecs
[    1.500497] PCI: CLS 0 bytes, default 64
[    1.500692] PCI-DMA: Using software bounce buffering for IO (SWIOTLB)
[    1.501745] software IO TLB: mapped [mem 0x00000000766a4000-0x000000007a6a4000] (64MB)
[    1.506495] Unpacking initramfs...
[    1.509078] Initialise system trusted keyrings
[    1.512769] workingset: timestamp_bits=40 max_order=20 bucket_order=0
[    1.522046] Key type asymmetric registered
[    1.522413] Asymmetric key parser 'x509' registered
[    1.523326] Block layer SCSI generic (bsg) driver version 0.4 loaded (major 247)
[    1.532990] io scheduler mq-deadline registered
[    1.533318] io scheduler kyber registered
[    1.533830] io scheduler bfq registered
[    1.583074] ERST DBG: ERST support is disabled.
[    1.586355] Serial: 8250/16550 driver, 4 ports, IRQ sharing enabled
[    1.592486] 00:03: ttyS0 at I/O 0x3f8 (irq = 4, base_baud = 115200) is a 16550A
[    1.605689] VMware PVSCSI driver - version 1.0.7.0-k
[    1.608022] ACPI: \_SB_.GSIA: Enabled at IRQ 16
[    1.619218] ahci 0000:00:1f.2: AHCI vers 0001.0000, 32 command slots, 1.5 Gbps, SATA mode
[    1.619430] ahci 0000:00:1f.2: 6/6 ports implemented (port mask 0x3f)
[    1.620090] ahci 0000:00:1f.2: flags: 64bit ncq only 
[    1.633683] scsi host0: ahci
[    1.639580] scsi host1: ahci
[    1.641421] scsi host2: ahci
[    1.642860] scsi host3: ahci
[    1.644564] scsi host4: ahci
[    1.646330] scsi host5: ahci
[    1.647367] ata1: SATA max UDMA/133 abar m4096@0x81010000 port 0x81010100 irq 24 lpm-pol 1
[    1.647817] ata2: SATA max UDMA/133 abar m4096@0x81010000 port 0x81010180 irq 24 lpm-pol 1
[    1.648095] ata3: SATA max UDMA/133 abar m4096@0x81010000 port 0x81010200 irq 24 lpm-pol 1
[    1.648095] ata4: SATA max UDMA/133 abar m4096@0x81010000 port 0x81010280 irq 24 lpm-pol 1
[    1.648095] ata5: SATA max UDMA/133 abar m4096@0x81010000 port 0x81010300 irq 24 lpm-pol 1
[    1.649233] ata6: SATA max UDMA/133 abar m4096@0x81010000 port 0x81010380 irq 24 lpm-pol 1
[    1.651698] hv_vmbus: registering driver hv_netvsc
[    1.653643] i8042: PNP: PS/2 Controller [PNP0303:KBD,PNP0f13:MOU] at 0x60,0x64 irq 1,12
[    1.659049] serio: i8042 KBD port at 0x60,0x64 irq 1
[    1.660517] serio: i8042 AUX port at 0x60,0x64 irq 12
[    1.661148] hv_vmbus: registering driver hyperv_keyboard
[    1.662235] rtc_cmos 00:04: RTC can wake from S4
[    1.668768] rtc_cmos 00:04: registered as rtc0
[    1.669805] rtc_cmos 00:04: setting system clock to 2026-09-03T02:21:27 UTC (1788402087)
[    1.671576] rtc_cmos 00:04: alarms up to one day, y3k, 242 bytes nvram
[    1.672345] amd_pstate: the _CPC object is not present in SBIOS or ACPI disabled
[    1.676644] gre: GRE over IPv4 demultiplexer driver
[    1.677671] NET: Registered PF_INET6 protocol family
[    1.682656] input: AT Translated Set 2 keyboard as /devices/platform/i8042/serio0/input/input0
[    1.690141] Segment Routing with IPv6
[    1.690706] In-situ OAM (IOAM) with IPv6
[    1.692153] Key type dns_resolver registered
[    1.694111] IPI shorthand broadcast: enabled
[    1.720624] sched_clock: Marking stable (1645648769, 73975695)->(2003826188, -284201724)
[    1.730616] registered taskstats version 1
[    1.735228] Loading compiled-in X.509 certificates
[    1.966223] ata6: SATA link down (SStatus 0 SControl 300)
[    1.968775] ata1: SATA link up 1.5 Gbps (SStatus 113 SControl 300)
[    1.972254] ata1.00: Model 'QEMU HARDDISK', rev '2.5+', applying quirks: bridgeok
[    1.973392] ata1.00: ATA-7: QEMU HARDDISK, 2.5+, max UDMA/100
[    1.973847] ata1.00: 50332464 sectors, multi 16: LBA48 NCQ (depth 32)
[    1.975522] ata2: SATA link up 1.5 Gbps (SStatus 113 SControl 300)
[    1.976083] ata2.00: Model 'QEMU HARDDISK', rev '2.5+', applying quirks: bridgeok
[    1.976427] ata2.00: ATA-7: QEMU HARDDISK, 2.5+, max UDMA/100
[    1.976676] ata2.00: 134217728 sectors, multi 16: LBA48 NCQ (depth 32)
[    1.977607] ata1.00: configured for UDMA/100
[    1.978210] ata4: SATA link down (SStatus 0 SControl 300)
[    1.978582] ata3: SATA link down (SStatus 0 SControl 300)
[    1.978978] ata5: SATA link down (SStatus 0 SControl 300)
[    1.979329] ata2.00: configured for UDMA/100
[    1.991420] scsi 0:0:0:0: Direct-Access     ATA      QEMU HARDDISK    2.5+ PQ: 0 ANSI: 5
[    2.004024] scsi 1:0:0:0: Direct-Access     ATA      QEMU HARDDISK    2.5+ PQ: 0 ANSI: 5
[    2.354483] Freeing initrd memory: 12592K
[    2.463869] tsc: Refined TSC clocksource calibration: 3393.628 MHz
[    2.464651] clocksource: tsc: mask: 0xffffffffffffffff max_cycles: 0x30eacb8b38d, max_idle_ns: 440795274329 ns
[    2.465764] clocksource: Switched to clocksource tsc
[    2.504309] Loaded X.509 cert 'alpinelinux.org: Alpine Linux kernel key: d76a695f66ad9cd28f5c22a8508f36e91f521f7a'
[    2.526240] Demotion targets for Node 0: null
[    2.527924] Key type .fscrypt registered
[    2.528170] Key type fscrypt-provisioning registered
[    2.675956] Freeing unused kernel image (initmem) memory: 2996K
[    2.676829] Write protecting the kernel read-only data: 26624k
[    2.680868] Freeing unused kernel image (text/rodata gap) memory: 1732K
[    2.681843] Freeing unused kernel image (rodata/data gap) memory: 396K
[    2.682812] rodata_test: all tests were successful
[    2.683460] Run /usos-init as init process
[MICRO-LINUX] boot PASS
[    2.956225] sd 0:0:0:0: [sda] 50332464 512-byte logical blocks: (25.8 GB/24.0 GiB)
[    2.956227] sd 1:0:0:0: [sdb] 134217728 512-byte logical blocks: (68.7 GB/64.0 GiB)
[    2.957461] sd 0:0:0:0: [sda] Write Protect is off
[    2.957473] sd 1:0:0:0: [sdb] Write Protect is off
[    2.958478] sd 0:0:0:0: [sda] Write cache: enabled, read cache: enabled, doesn't support DPO or FUA
[    2.958506] sd 1:0:0:0: [sdb] Write cache: enabled, read cache: enabled, doesn't support DPO or FUA
[    2.960762] sd 0:0:0:0: [sda] Preferred minimum I/O size 512 bytes
[    2.960770] sd 1:0:0:0: [sdb] Preferred minimum I/O size 512 bytes
[    3.002666] sd 1:0:0:0: [sdb] Attached SCSI disk
[    3.005704]  sda: sda1 sda2 sda3 sda4
[    3.008068] sd 0:0:0:0: [sda] Attached SCSI disk
[    3.074398] loop: module loaded
[    3.124360] fuse: init (API version 7.45)
[    3.258312] xhci_hcd: Unknown symbol usb_hcd_resume_root_hub (err -2)
[    3.258663] xhci_hcd: Unknown symbol usb_hcd_unlink_urb_from_ep (err -2)
[    3.258936] xhci_hcd: Unknown symbol usb_hcd_start_port_resume (err -2)
[    3.259223] xhci_hcd: Unknown symbol usb_hc_died (err -2)
[    3.259602] xhci_hcd: Unknown symbol usb_wakeup_notification (err -2)
[    3.259907] xhci_hcd: Unknown symbol usb_disabled (err -2)
[    3.260267] xhci_hcd: Unknown symbol usb_hcd_map_urb_for_dma (err -2)
[    3.260623] xhci_hcd: Unknown symbol usb_endpoint_max_periodic_payload (err -2)
[    3.260939] xhci_hcd: Unknown symbol usb_hcd_check_unlink_urb (err -2)
[    3.261220] xhci_hcd: Unknown symbol usb_hcd_end_port_resume (err -2)
[    3.261595] xhci_hcd: Unknown symbol usb_hcd_link_urb_to_ep (err -2)
[    3.262018] xhci_hcd: Unknown symbol usb_hcd_is_primary_hcd (err -2)
[    3.262357] xhci_hcd: Unknown symbol usb_acpi_power_manageable (err -2)
[    3.262737] xhci_hcd: Unknown symbol usb_hub_clear_tt_buffer (err -2)
[    3.263127] xhci_hcd: Unknown symbol usb_hcd_giveback_urb (err -2)
[    3.263473] xhci_hcd: Unknown symbol usb_hcd_poll_rh_status (err -2)
[    3.263751] xhci_hcd: Unknown symbol usb_acpi_set_power_state (err -2)
[    3.264091] xhci_hcd: Unknown symbol usb_debug_root (err -2)
[    3.264368] xhci_hcd: Unknown symbol usb_hcd_unmap_urb_for_dma (err -2)
[    3.264729] xhci_hcd: Unknown symbol usb_endpoint_is_hs_isoc_double (err -2)
[    3.265039] xhci_hcd: Unknown symbol usb_root_hub_lost_power (err -2)
[    3.296789] xhci_hcd: Unknown symbol usb_hcd_resume_root_hub (err -2)
[    3.297093] xhci_hcd: Unknown symbol usb_hcd_unlink_urb_from_ep (err -2)
[    3.297361] xhci_hcd: Unknown symbol usb_hcd_start_port_resume (err -2)
[    3.297647] xhci_hcd: Unknown symbol usb_hc_died (err -2)
[    3.297975] xhci_hcd: Unknown symbol usb_wakeup_notification (err -2)
[    3.298283] xhci_hcd: Unknown symbol usb_disabled (err -2)
[    3.298670] xhci_hcd: Unknown symbol usb_hcd_map_urb_for_dma (err -2)
[    3.298963] xhci_hcd: Unknown symbol usb_endpoint_max_periodic_payload (err -2)
[    3.299261] xhci_hcd: Unknown symbol usb_hcd_check_unlink_urb (err -2)
[    3.299564] xhci_hcd: Unknown symbol usb_hcd_end_port_resume (err -2)
[    3.299898] xhci_hcd: Unknown symbol usb_hcd_link_urb_to_ep (err -2)
[    3.300160] xhci_hcd: Unknown symbol usb_hcd_is_primary_hcd (err -2)
[    3.300432] xhci_hcd: Unknown symbol usb_acpi_power_manageable (err -2)
[    3.300695] xhci_hcd: Unknown symbol usb_hub_clear_tt_buffer (err -2)
[    3.301022] xhci_hcd: Unknown symbol usb_hcd_giveback_urb (err -2)
[    3.301321] xhci_hcd: Unknown symbol usb_hcd_poll_rh_status (err -2)
[    3.301611] xhci_hcd: Unknown symbol usb_acpi_set_power_state (err -2)
[    3.301914] xhci_hcd: Unknown symbol usb_debug_root (err -2)
[    3.302185] xhci_hcd: Unknown symbol usb_hcd_unmap_urb_for_dma (err -2)
[    3.302465] xhci_hcd: Unknown symbol usb_endpoint_is_hs_isoc_double (err -2)
[    3.302822] xhci_hcd: Unknown symbol usb_root_hub_lost_power (err -2)
[MICRO-LINUX] keyboard module already active or not needed: kernel/drivers/usb/host/xhci-hcd.ko
[    3.333391] xhci_pci: Unknown symbol xhci_suspend (err -2)
[    3.333664] xhci_pci: Unknown symbol usb_hcd_pci_probe (err -2)
[    3.333919] xhci_pci: Unknown symbol xhci_dbg_trace (err -2)
[    3.334148] xhci_pci: Unknown symbol xhci_gen_setup (err -2)
[    3.334461] xhci_pci: Unknown symbol usb_acpi_port_lpm_incapable (err -2)
[    3.334748] xhci_pci: Unknown symbol __tracepoint_xhci_dbg_quirks (err -2)
[    3.335018] xhci_pci: Unknown symbol __tracepoint_xhci_dbg_init (err -2)
[    3.335331] xhci_pci: Unknown symbol usb_hcd_irq (err -2)
[    3.335583] xhci_pci: Unknown symbol usb_hcd_pci_pm_ops (err -2)
[    3.335820] xhci_pci: Unknown symbol xhci_shutdown (err -2)
[    3.336041] xhci_pci: Unknown symbol usb_hcd_pci_shutdown (err -2)
[    3.336348] xhci_pci: Unknown symbol xhci_resume (err -2)
[    3.336597] xhci_pci: Unknown symbol __SCT__tp_func_xhci_dbg_quirks (err -2)
[    3.336877] xhci_pci: Unknown symbol xhci_run (err -2)
[    3.337085] xhci_pci: Unknown symbol xhci_port_state_to_neutral (err -2)
[    3.337463] xhci_pci: Unknown symbol xhci_ext_cap_init (err -2)
[    3.337708] xhci_pci: Unknown symbol usb_hcd_is_primary_hcd (err -2)
[    3.337960] xhci_pci: Unknown symbol __SCK__tp_func_xhci_dbg_quirks (err -2)
[    3.338237] xhci_pci: Unknown symbol xhci_init_driver (err -2)
[    3.338511] xhci_pci: Unknown symbol usb_put_hcd (err -2)
[    3.338759] xhci_pci: Unknown symbol xhci_update_hub_device (err -2)
[    3.339007] xhci_pci: Unknown symbol xhci_stop (err -2)
[    3.339212] xhci_pci: Unknown symbol __SCK__tp_func_xhci_dbg_init (err -2)
[    3.339544] xhci_pci: Unknown symbol usb_hcd_pci_remove (err -2)
[    3.339782] xhci_pci: Unknown symbol __SCT__tp_func_xhci_dbg_init (err -2)
[    3.340049] xhci_pci: Unknown symbol usb_remove_hcd (err -2)
[    3.340278] xhci_pci: Unknown symbol usb_add_hcd (err -2)
[    3.340602] xhci_pci: Unknown symbol usb_create_shared_hcd (err -2)
[    3.340913] xhci_pci: Unknown symbol xhci_msi_irq (err -2)
[    3.352415] xhci_pci: Unknown symbol xhci_suspend (err -2)
[    3.352777] xhci_pci: Unknown symbol usb_hcd_pci_probe (err -2)
[    3.353038] xhci_pci: Unknown symbol xhci_dbg_trace (err -2)
[    3.353270] xhci_pci: Unknown symbol xhci_gen_setup (err -2)
[    3.353502] xhci_pci: Unknown symbol usb_acpi_port_lpm_incapable (err -2)
[    3.353801] xhci_pci: Unknown symbol __tracepoint_xhci_dbg_quirks (err -2)
[    3.354078] xhci_pci: Unknown symbol __tracepoint_xhci_dbg_init (err -2)
[    3.354343] xhci_pci: Unknown symbol usb_hcd_irq (err -2)
[    3.354640] xhci_pci: Unknown symbol usb_hcd_pci_pm_ops (err -2)
[    3.354898] xhci_pci: Unknown symbol xhci_shutdown (err -2)
[    3.355118] xhci_pci: Unknown symbol usb_hcd_pci_shutdown (err -2)
[    3.355360] xhci_pci: Unknown symbol xhci_resume (err -2)
[    3.355574] xhci_pci: Unknown symbol __SCT__tp_func_xhci_dbg_quirks (err -2)
[    3.355846] xhci_pci: Unknown symbol xhci_run (err -2)
[    3.356048] xhci_pci: Unknown symbol xhci_port_state_to_neutral (err -2)
[    3.356302] xhci_pci: Unknown symbol xhci_ext_cap_init (err -2)
[    3.356585] xhci_pci: Unknown symbol usb_hcd_is_primary_hcd (err -2)
[    3.356844] xhci_pci: Unknown symbol __SCK__tp_func_xhci_dbg_quirks (err -2)
[    3.357123] xhci_pci: Unknown symbol xhci_init_driver (err -2)
[    3.357350] xhci_pci: Unknown symbol usb_put_hcd (err -2)
[    3.357585] xhci_pci: Unknown symbol xhci_update_hub_device (err -2)
[    3.357829] xhci_pci: Unknown symbol xhci_stop (err -2)
[    3.358036] xhci_pci: Unknown symbol __SCK__tp_func_xhci_dbg_init (err -2)
[    3.358309] xhci_pci: Unknown symbol usb_hcd_pci_remove (err -2)
[    3.358573] xhci_pci: Unknown symbol __SCT__tp_func_xhci_dbg_init (err -2)
[    3.358911] xhci_pci: Unknown symbol usb_remove_hcd (err -2)
[    3.359198] xhci_pci: Unknown symbol usb_add_hcd (err -2)
[    3.359460] xhci_pci: Unknown symbol usb_create_shared_hcd (err -2)
[    3.359711] xhci_pci: Unknown symbol xhci_msi_irq (err -2)
[MICRO-LINUX] keyboard module already active or not needed: kernel/drivers/usb/host/xhci-pci.ko
[    3.392204] ehci_hcd: Unknown symbol usb_for_each_dev (err -2)
[    3.392505] ehci_hcd: Unknown symbol usb_hcd_resume_root_hub (err -2)
[    3.392758] ehci_hcd: Unknown symbol usb_hcd_unlink_urb_from_ep (err -2)
[    3.393155] ehci_hcd: Unknown symbol usb_hcd_start_port_resume (err -2)
[    3.393496] ehci_hcd: Unknown symbol usb_hc_died (err -2)
[    3.393786] ehci_hcd: Unknown symbol usb_disabled (err -2)
[    3.394136] ehci_hcd: Unknown symbol usb_hcd_check_unlink_urb (err -2)
[    3.394411] ehci_hcd: Unknown symbol usb_hcds_loaded (err -2)
[    3.394661] ehci_hcd: Unknown symbol usb_hcd_end_port_resume (err -2)
[    3.395016] ehci_hcd: Unknown symbol usb_calc_bus_time (err -2)
[    3.395348] ehci_hcd: Unknown symbol ehci_cf_port_reset_rwsem (err -2)
[    3.395690] ehci_hcd: Unknown symbol usb_hcd_link_urb_to_ep (err -2)
[    3.395987] ehci_hcd: Unknown symbol usb_hub_clear_tt_buffer (err -2)
[    3.396264] ehci_hcd: Unknown symbol usb_hcd_giveback_urb (err -2)
[    3.396533] ehci_hcd: Unknown symbol usb_hcd_poll_rh_status (err -2)
[    3.396792] ehci_hcd: Unknown symbol usb_debug_root (err -2)
[    3.397137] ehci_hcd: Unknown symbol usb_root_hub_lost_power (err -2)
[    3.414417] ehci_hcd: Unknown symbol usb_for_each_dev (err -2)
[    3.414708] ehci_hcd: Unknown symbol usb_hcd_resume_root_hub (err -2)
[    3.414962] ehci_hcd: Unknown symbol usb_hcd_unlink_urb_from_ep (err -2)
[    3.415223] ehci_hcd: Unknown symbol usb_hcd_start_port_resume (err -2)
[    3.415538] ehci_hcd: Unknown symbol usb_hc_died (err -2)
[    3.415844] ehci_hcd: Unknown symbol usb_disabled (err -2)
[    3.416189] ehci_hcd: Unknown symbol usb_hcd_check_unlink_urb (err -2)
[    3.416567] ehci_hcd: Unknown symbol usb_hcds_loaded (err -2)
[    3.416861] ehci_hcd: Unknown symbol usb_hcd_end_port_resume (err -2)
[    3.417119] ehci_hcd: Unknown symbol usb_calc_bus_time (err -2)
[    3.417556] ehci_hcd: Unknown symbol ehci_cf_port_reset_rwsem (err -2)
[    3.417903] ehci_hcd: Unknown symbol usb_hcd_link_urb_to_ep (err -2)
[    3.418170] ehci_hcd: Unknown symbol usb_hub_clear_tt_buffer (err -2)
[    3.418496] ehci_hcd: Unknown symbol usb_hcd_giveback_urb (err -2)
[    3.418775] ehci_hcd: Unknown symbol usb_hcd_poll_rh_status (err -2)
[    3.419039] ehci_hcd: Unknown symbol usb_debug_root (err -2)
[    3.419375] ehci_hcd: Unknown symbol usb_root_hub_lost_power (err -2)
[MICRO-LINUX] keyboard module already active or not needed: kernel/drivers/usb/host/ehci-hcd.ko
[    3.448082] ehci_pci: Unknown symbol usb_hcd_pci_probe (err -2)
[    3.448376] ehci_pci: Unknown symbol usb_disabled (err -2)
[    3.448815] ehci_pci: Unknown symbol ehci_init_driver (err -2)
[    3.449079] ehci_pci: Unknown symbol ehci_suspend (err -2)
[    3.449301] ehci_pci: Unknown symbol ehci_resume (err -2)
[    3.449627] ehci_pci: Unknown symbol usb_hcd_pci_pm_ops (err -2)
[    3.449872] ehci_pci: Unknown symbol usb_hcd_pci_shutdown (err -2)
[    3.450125] ehci_pci: Unknown symbol ehci_setup (err -2)
[    3.450343] ehci_pci: Unknown symbol usb_hcd_pci_remove (err -2)
[    3.460601] ehci_pci: Unknown symbol usb_hcd_pci_probe (err -2)
[    3.460877] ehci_pci: Unknown symbol usb_disabled (err -2)
[    3.461097] ehci_pci: Unknown symbol ehci_init_driver (err -2)
[    3.461338] ehci_pci: Unknown symbol ehci_suspend (err -2)
[    3.461562] ehci_pci: Unknown symbol ehci_resume (err -2)
[    3.461782] ehci_pci: Unknown symbol usb_hcd_pci_pm_ops (err -2)
[    3.462017] ehci_pci: Unknown symbol usb_hcd_pci_shutdown (err -2)
[    3.462263] ehci_pci: Unknown symbol ehci_setup (err -2)
[    3.462609] ehci_pci: Unknown symbol usb_hcd_pci_remove (err -2)
[MICRO-LINUX] keyboard module already active or not needed: kernel/drivers/usb/host/ehci-pci.ko
[    3.493353] ohci_hcd: Unknown symbol usb_hcd_resume_root_hub (err -2)
[    3.493647] ohci_hcd: Unknown symbol usb_hcd_unlink_urb_from_ep (err -2)
[    3.493908] ohci_hcd: Unknown symbol usb_hc_died (err -2)
[    3.494145] ohci_hcd: Unknown symbol usb_disabled (err -2)
[    3.494554] ohci_hcd: Unknown symbol usb_hcd_check_unlink_urb (err -2)
[    3.494813] ohci_hcd: Unknown symbol usb_hcds_loaded (err -2)
[    3.495057] ohci_hcd: Unknown symbol usb_calc_bus_time (err -2)
[    3.495375] ohci_hcd: Unknown symbol usb_hcd_link_urb_to_ep (err -2)
[    3.495649] ohci_hcd: Unknown symbol usb_hcd_giveback_urb (err -2)
[    3.495914] ohci_hcd: Unknown symbol usb_hcd_poll_rh_status (err -2)
[    3.496167] ohci_hcd: Unknown symbol usb_debug_root (err -2)
[    3.496455] ohci_hcd: Unknown symbol usb_root_hub_lost_power (err -2)
[    3.509838] ohci_hcd: Unknown symbol usb_hcd_resume_root_hub (err -2)
[    3.510128] ohci_hcd: Unknown symbol usb_hcd_unlink_urb_from_ep (err -2)
[    3.510479] ohci_hcd: Unknown symbol usb_hc_died (err -2)
[    3.510715] ohci_hcd: Unknown symbol usb_disabled (err -2)
[    3.510977] ohci_hcd: Unknown symbol usb_hcd_check_unlink_urb (err -2)
[    3.511281] ohci_hcd: Unknown symbol usb_hcds_loaded (err -2)
[    3.511579] ohci_hcd: Unknown symbol usb_calc_bus_time (err -2)
[    3.511853] ohci_hcd: Unknown symbol usb_hcd_link_urb_to_ep (err -2)
[    3.512123] ohci_hcd: Unknown symbol usb_hcd_giveback_urb (err -2)
[    3.512384] ohci_hcd: Unknown symbol usb_hcd_poll_rh_status (err -2)
[    3.512688] ohci_hcd: Unknown symbol usb_debug_root (err -2)
[    3.512979] ohci_hcd: Unknown symbol usb_root_hub_lost_power (err -2)
[MICRO-LINUX] keyboard module already active or not needed: kernel/drivers/usb/host/ohci-hcd.ko
[    3.540609] ohci_pci: Unknown symbol ohci_resume (err -2)
[    3.541008] ohci_pci: Unknown symbol usb_hcd_pci_probe (err -2)
[    3.541256] ohci_pci: Unknown symbol usb_disabled (err -2)
[    3.541475] ohci_pci: Unknown symbol ohci_setup (err -2)
[    3.541698] ohci_pci: Unknown symbol usb_hcd_pci_pm_ops (err -2)
[    3.542096] ohci_pci: Unknown symbol ohci_restart (err -2)
[    3.542380] ohci_pci: Unknown symbol usb_hcd_pci_shutdown (err -2)
[    3.542699] ohci_pci: Unknown symbol ohci_suspend (err -2)
[    3.543094] ohci_pci: Unknown symbol ohci_init_driver (err -2)
[    3.543357] ohci_pci: Unknown symbol usb_hcd_pci_remove (err -2)
[    3.556760] ohci_pci: Unknown symbol ohci_resume (err -2)
[    3.557095] ohci_pci: Unknown symbol usb_hcd_pci_probe (err -2)
[    3.557341] ohci_pci: Unknown symbol usb_disabled (err -2)
[    3.557564] ohci_pci: Unknown symbol ohci_setup (err -2)
[    3.557792] ohci_pci: Unknown symbol usb_hcd_pci_pm_ops (err -2)
[    3.558194] ohci_pci: Unknown symbol ohci_restart (err -2)
[    3.558500] ohci_pci: Unknown symbol usb_hcd_pci_shutdown (err -2)
[    3.558753] ohci_pci: Unknown symbol ohci_suspend (err -2)
[    3.558976] ohci_pci: Unknown symbol ohci_init_driver (err -2)
[    3.559216] ohci_pci: Unknown symbol usb_hcd_pci_remove (err -2)
[MICRO-LINUX] keyboard module already active or not needed: kernel/drivers/usb/host/ohci-pci.ko
[    3.605329] hid: raw HID events driver (C) Jiri Kosina
[MICRO-LINUX] keyboard module loaded: kernel/drivers/hid/hid.ko
[    3.632340] usbhid: Unknown symbol usb_alloc_urb (err -2)
[    3.632769] usbhid: Unknown symbol usb_autopm_put_interface (err -2)
[    3.633083] usbhid: Unknown symbol usb_free_urb (err -2)
[    3.633356] usbhid: Unknown symbol usb_alloc_coherent (err -2)
[    3.633622] usbhid: Unknown symbol usb_register_driver (err -2)
[    3.633902] usbhid: Unknown symbol usb_autopm_put_interface_no_suspend (err -2)
[    3.634218] usbhid: Unknown symbol usb_autopm_get_interface_no_resume (err -2)
[    3.634659] usbhid: Unknown symbol usb_interrupt_msg (err -2)
[    3.634902] usbhid: Unknown symbol usb_find_interface (err -2)
[    3.635144] usbhid: Unknown symbol usb_clear_halt (err -2)
[    3.635374] usbhid: Unknown symbol usb_autopm_get_interface_async (err -2)
[    3.635727] usbhid: Unknown symbol usb_submit_urb (err -2)
[    3.635962] usbhid: Unknown symbol usb_queue_reset_device (err -2)
[    3.636219] usbhid: Unknown symbol usb_free_coherent (err -2)
[    3.636486] usbhid: Unknown symbol usb_control_msg (err -2)
[    3.636735] usbhid: Unknown symbol usb_unpoison_urb (err -2)
[    3.636964] usbhid: Unknown symbol usb_autopm_put_interface_async (err -2)
[    3.637244] usbhid: Unknown symbol usb_deregister (err -2)
[    3.637533] usbhid: Unknown symbol usb_string (err -2)
[    3.637766] usbhid: Unknown symbol usb_block_urb (err -2)
[    3.637992] usbhid: Unknown symbol usb_unlink_urb (err -2)
[    3.638214] usbhid: Unknown symbol usb_autopm_get_interface (err -2)
[    3.638477] usbhid: Unknown symbol usb_kill_urb (err -2)
[    3.638738] usbhid: Unknown symbol __usb_get_extra_descriptor (err -2)
[    3.650104] usbhid: Unknown symbol usb_alloc_urb (err -2)
[    3.650370] usbhid: Unknown symbol usb_autopm_put_interface (err -2)
[    3.650622] usbhid: Unknown symbol usb_free_urb (err -2)
[    3.650858] usbhid: Unknown symbol usb_alloc_coherent (err -2)
[    3.651112] usbhid: Unknown symbol usb_register_driver (err -2)
[    3.651375] usbhid: Unknown symbol usb_autopm_put_interface_no_suspend (err -2)
[    3.651744] usbhid: Unknown symbol usb_autopm_get_interface_no_resume (err -2)
[    3.652098] usbhid: Unknown symbol usb_interrupt_msg (err -2)
[    3.652326] usbhid: Unknown symbol usb_find_interface (err -2)
[    3.652561] usbhid: Unknown symbol usb_clear_halt (err -2)
[    3.652785] usbhid: Unknown symbol usb_autopm_get_interface_async (err -2)
[    3.653092] usbhid: Unknown symbol usb_submit_urb (err -2)
[    3.653332] usbhid: Unknown symbol usb_queue_reset_device (err -2)
[    3.653584] usbhid: Unknown symbol usb_free_coherent (err -2)
[    3.653823] usbhid: Unknown symbol usb_control_msg (err -2)
[    3.654049] usbhid: Unknown symbol usb_unpoison_urb (err -2)
[    3.654282] usbhid: Unknown symbol usb_autopm_put_interface_async (err -2)
[    3.654569] usbhid: Unknown symbol usb_deregister (err -2)
[    3.654795] usbhid: Unknown symbol usb_string (err -2)
[    3.655023] usbhid: Unknown symbol usb_block_urb (err -2)
[    3.655403] usbhid: Unknown symbol usb_unlink_urb (err -2)
[    3.655626] usbhid: Unknown symbol usb_autopm_get_interface (err -2)
[    3.655883] usbhid: Unknown symbol usb_kill_urb (err -2)
[    3.656235] usbhid: Unknown symbol __usb_get_extra_descriptor (err -2)
[MICRO-LINUX] keyboard module already active or not needed: kernel/drivers/hid/usbhid/usbhid.ko
[MICRO-LINUX] keyboard module loaded: kernel/drivers/hid/hid-generic.ko
[MICRO-LINUX] keyboard module loaded: kernel/drivers/input/evdev.ko
[MICRO-LINUX] keyboard/input device discovery PASS
[    6.245078] FAT-fs (sda2): utf8 is not a recommended IO charset for FAT filesystems, filesystem will be case sensitive!
[    6.396094] ntfs3: Enabled Linux POSIX ACLs support
[    6.396459] ntfs3: Read-only LZX/Xpress compression included
[    6.505056] loop0: detected capacity change from 0 to 16300500
[MICRO-LINUX] phase=prepare-requested PASS
[MICRO-LINUX] DATA mounted by PARTUUID=aefecf56-d51d-4c59-84c9-f100550cf221
[MICRO-LINUX] WORK target PARTUUID=b203dceb-f508-4169-83d2-9bd5b5fac74b
[MICRO-LINUX] ISO mounted path=Systems/Windows/Windows 11/Images/Win11_25H2_Polish_x64_v2.iso
[PREPARE_WORK] phase=prepare-requested
[DEVICE_GUARD] PASS existing WORK identity
WORK=/dev/disk/by-partuuid/b203dceb-f508-4169-83d2-9bd5b5fac74b
ESP=/dev/disk/by-partuuid/1c67a6c0-6562-44e2-8f95-3ba131d4060e
DATA=/dev/disk/by-partuuid/aefecf56-d51d-4c59-84c9-f100550cf221
DISK_PTUUID=3a3b9ec3-2b22-4d91-ad23-8b2620f96214
WORK_SIZE_BYTES=14478737408
WORK_LABEL=USOS_WORK
[PREPARE_WORK] device_guard pre-format PASS
Cluster size has been automatically set to 4096 bytes.
Creating NTFS volume structures.
mkntfs completed successfully. Have a nice day.
[PREPARE_WORK] mkfs.ntfs PASS
[DEVICE_GUARD] PASS marker restored
WORK=/dev/disk/by-partuuid/b203dceb-f508-4169-83d2-9bd5b5fac74b
ESP=/dev/disk/by-partuuid/1c67a6c0-6562-44e2-8f95-3ba131d4060e
DATA=/dev/disk/by-partuuid/aefecf56-d51d-4c59-84c9-f100550cf221
DISK_PTUUID=3a3b9ec3-2b22-4d91-ad23-8b2620f96214
WORK_SIZE_BYTES=14478737408
WORK_LABEL=USOS_WORK
[PREPARE_WORK] WORK identity restore PASS
[EXTRACT] source files=1064 bytes=8339905101
[EXTRACT] copying installer to WORK with real byte progress
[EXTRACT] destination files=1064 bytes=8339905101
[EXTRACT] completeness PASS
[EXTRACT] unattended PASS source=/mnt/data/Systems/Windows/Windows 11/Unattended/win10-11 best-ustawienia.xml setup=/mnt/work/Autounattend.xml
[EXTRACT] phase=prepared PASS state=/mnt/esp/EFI/USOS/install-state.ini
[PREPARE_WORK] prepared PASS
[MICRO-LINUX] full preparation PASS; rebooting to USOS
[  232.471396] sd 1:0:0:0: [sdb] Synchronizing SCSI cache
[  232.472143] sd 0:0:0:0: [sda] Synchronizing SCSI cache
[  232.532068] ACPI: PM: Preparing to enter system sleep state S5
[  232.533403] reboot: Restarting system
[  232.533682] reboot: machine restart
[2J[01;01H[=3h[2J[01;01H[2J[01;01H[=3h[2J[01;01H[2J[01;01H[=3h[2J[01;01HBdsDxe: loading Boot0001 "UEFI QEMU HARDDISK USOS-POST-MERGE-V2 " from PciRoot(0x0)/Pci(0x1F,0x2)/Sata(0x0,0xFFFF,0x0)
BdsDxe: starting Boot0001 "UEFI QEMU HARDDISK USOS-POST-MERGE-V2 " from PciRoot(0x0)/Pci(0x1F,0x2)/Sata(0x0,0xFFFF,0x0)
USOS MANUAL FLOW BOOT PASS
PERSISTENT PHASE PREPARED
NTFS DRIVER PASS
WORK FOUND
INSTALL.WIM VISIBLE ON WORK
BOOTX64.EFI VISIBLE ON WORK
WINDOWS LOADIMAGE PASS
WINDOWS LOADEDIMAGE CHECK PASS
PERSISTENT PHASE HANDOFF PASS
ONE-SHOT PHASE PENDING PASS
WINDOWS STARTIMAGE BEGIN
