{"elapsed_ms":539,"kind":"greeting","payload":{"QMP":{"version":{"qemu":{"micro":0,"minor":1,"major":11},"package":"v11.1.0-12130-ge470268ff4"},"capabilities":["oob"]}}}
{"elapsed_ms":575,"kind":"response","payload":{"message":{"return":{}},"command":"qmp_capabilities"}}
{"elapsed_ms":604,"kind":"response","payload":{"message":{"return":{}},"command":"screendump"}}
{"elapsed_ms":620,"kind":"response","payload":{"message":{"return":{}},"command":"screendump"}}
{"elapsed_ms":636,"kind":"response","payload":{"message":{"return":{}},"command":"screendump"}}
{"elapsed_ms":778,"kind":"response","payload":{"message":{"return":{}},"command":"screendump"}}
{"elapsed_ms":1016,"kind":"event","payload":{"timestamp":{"seconds":1788343492,"microseconds":369058},"event":"RTC_CHANGE","data":{"offset":-1,"qom-path":"/machine/unattached/device[5]/rtc"}}}
{"elapsed_ms":1031,"kind":"response","payload":{"message":{"return":{}},"command":"screendump"}}
{"elapsed_ms":1267,"kind":"response","payload":{"message":{"return":{}},"command":"screendump"}}
{"elapsed_ms":1515,"kind":"response","payload":{"message":{"return":{}},"command":"screendump"}}
{"elapsed_ms":1766,"kind":"response","payload":{"message":{"return":{}},"command":"screendump"}}
{"elapsed_ms":2001,"kind":"event","payload":{"timestamp":{"seconds":1788343492,"microseconds":895056},"event":"RTC_CHANGE","data":{"offset":0,"qom-path":"/machine/unattached/device[5]/rtc"}}}
{"elapsed_ms":2015,"kind":"response","payload":{"message":{"return":{}},"command":"screendump"}}
{"elapsed_ms":2267,"kind":"response","payload":{"message":{"return":{}},"command":"screendump"}}
{"elapsed_ms":2517,"kind":"response","payload":{"message":{"return":{}},"command":"screendump"}}
{"elapsed_ms":2767,"kind":"response","payload":{"message":{"return":{}},"command":"screendump"}}
{"elapsed_ms":3017,"kind":"response","payload":{"message":{"return":{}},"command":"screendump"}}
{"elapsed_ms":3268,"kind":"response","payload":{"message":{"return":{}},"command":"screendump"}}
{"elapsed_ms":3519,"kind":"response","payload":{"message":{"return":{}},"command":"screendump"}}
{"elapsed_ms":3769,"kind":"response","payload":{"message":{"return":{}},"command":"screendump"}}
{"elapsed_ms":4021,"kind":"response","payload":{"message":{"return":{}},"command":"screendump"}}
{"elapsed_ms":4271,"kind":"response","payload":{"message":{"return":{}},"command":"screendump"}}
{"elapsed_ms":4523,"kind":"response","payload":{"message":{"return":{}},"command":"screendump"}}
{"elapsed_ms":4775,"kind":"response","payload":{"message":{"return":{}},"command":"screendump"}}
{"elapsed_ms":5028,"kind":"response","payload":{"message":{"return":{}},"command":"screendump"}}
{"elapsed_ms":5281,"kind":"response","payload":{"message":{"return":{}},"command":"screendump"}}
{"elapsed_ms":5531,"kind":"response","payload":{"message":{"return":{}},"command":"screendump"}}
{"elapsed_ms":5767,"kind":"response","payload":{"message":{"return":{}},"command":"screendump"}}
{"elapsed_ms":6018,"kind":"response","payload":{"message":{"return":{}},"command":"screendump"}}
{"elapsed_ms":6269,"kind":"response","payload":{"message":{"return":{}},"command":"screendump"}}
{"elapsed_ms":6519,"kind":"response","payload":{"message":{"return":{}},"command":"screendump"}}
{"elapsed_ms":6768,"kind":"response","payload":{"message":{"return":{}},"command":"screendump"}}
{"elapsed_ms":7019,"kind":"response","payload":{"message":{"return":{}},"command":"screendump"}}
{"elapsed_ms":7270,"kind":"response","payload":{"message":{"return":{}},"command":"screendump"}}
{"elapsed_ms":7522,"kind":"response","payload":{"message":{"return":{}},"command":"screendump"}}
{"elapsed_ms":7773,"kind":"response","payload":{"message":{"return":{}},"command":"screendump"}}
{"elapsed_ms":8021,"kind":"response","payload":{"message":{"return":{}},"command":"screendump"}}
{"elapsed_ms":8272,"kind":"response","payload":{"message":{"return":{}},"command":"screendump"}}
{"elapsed_ms":8523,"kind":"response","payload":{"message":{"return":{}},"command":"screendump"}}
{"elapsed_ms":8771,"kind":"response","payload":{"message":{"return":{}},"command":"screendump"}}
{"elapsed_ms":9022,"kind":"response","payload":{"message":{"return":{}},"command":"screendump"}}
{"elapsed_ms":9271,"kind":"response","payload":{"message":{"return":{}},"command":"screendump"}}
{"elapsed_ms":9521,"kind":"response","payload":{"message":{"return":{}},"command":"screendump"}}
{"elapsed_ms":9772,"kind":"response","payload":{"message":{"return":{}},"command":"screendump"}}
{"elapsed_ms":10024,"kind":"response","payload":{"message":{"return":{}},"command":"screendump"}}
{"elapsed_ms":10276,"kind":"response","payload":{"message":{"return":{}},"command":"screendump"}}
{"elapsed_ms":10526,"kind":"response","payload":{"message":{"return":{}},"command":"screendump"}}
{"elapsed_ms":10775,"kind":"response","payload":{"message":{"return":{}},"command":"screendump"}}
{"elapsed_ms":11025,"kind":"response","payload":{"message":{"return":{}},"command":"screendump"}}
{"elapsed_ms":11274,"kind":"response","payload":{"message":{"return":{}},"command":"screendump"}}
{"elapsed_ms":11525,"kind":"response","payload":{"message":{"return":{}},"command":"screendump"}}
{"elapsed_ms":11776,"kind":"response","payload":{"message":{"return":{}},"command":"screendump"}}
{"elapsed_ms":12026,"kind":"response","payload":{"message":{"return":{}},"command":"screendump"}}
{"elapsed_ms":15519,"kind":"response","payload":{"message":{"return":{}},"command":"screendump"}}
{"elapsed_ms":19022,"kind":"response","payload":{"message":{"return":{}},"command":"screendump"}}
{"elapsed_ms":22517,"kind":"response","payload":{"message":{"return":{}},"command":"screendump"}}
{"elapsed_ms":26051,"kind":"response","payload":{"message":{"return":{}},"command":"screendump"}}
{"elapsed_ms":29526,"kind":"response","payload":{"message":{"return":{}},"command":"screendump"}}
{"elapsed_ms":30044,"kind":"response","payload":{"message":{"return":""},"command":"human-monitor-command"}}
{"elapsed_ms":30045,"kind":"input","payload":{"key":"ret","scheduled_seconds":30}}
{"elapsed_ms":33019,"kind":"response","payload":{"message":{"return":{}},"command":"screendump"}}
{"elapsed_ms":36530,"kind":"response","payload":{"message":{"return":{}},"command":"screendump"}}
{"elapsed_ms":40027,"kind":"response","payload":{"message":{"return":""},"command":"human-monitor-command"}}
{"elapsed_ms":40028,"kind":"input","payload":{"key":"ret","scheduled_seconds":40}}
{"elapsed_ms":40043,"kind":"response","payload":{"message":{"return":{}},"command":"screendump"}}
{"elapsed_ms":43527,"kind":"response","payload":{"message":{"return":{}},"command":"screendump"}}
{"elapsed_ms":47028,"kind":"response","payload":{"message":{"return":{}},"command":"screendump"}}
{"elapsed_ms":50037,"kind":"response","payload":{"message":{"return":""},"command":"human-monitor-command"}}
{"elapsed_ms":50038,"kind":"input","payload":{"key":"ret","scheduled_seconds":50}}
{"elapsed_ms":50522,"kind":"response","payload":{"message":{"return":{}},"command":"screendump"}}
{"elapsed_ms":54021,"kind":"response","payload":{"message":{"return":{}},"command":"screendump"}}
{"elapsed_ms":57524,"kind":"response","payload":{"message":{"return":{}},"command":"screendump"}}
{"elapsed_ms":60017,"kind":"response","payload":{"message":{"return":""},"command":"human-monitor-command"}}
{"elapsed_ms":60018,"kind":"input","payload":{"key":"ret","scheduled_seconds":60}}
{"elapsed_ms":61021,"kind":"response","payload":{"message":{"return":{}},"command":"screendump"}}
{"elapsed_ms":64518,"kind":"response","payload":{"message":{"return":{}},"command":"screendump"}}
{"elapsed_ms":68023,"kind":"response","payload":{"message":{"return":{}},"command":"screendump"}}
{"elapsed_ms":70022,"kind":"response","payload":{"message":{"return":""},"command":"human-monitor-command"}}
{"elapsed_ms":70023,"kind":"input","payload":{"key":"down","scheduled_seconds":70}}
{"elapsed_ms":71521,"kind":"response","payload":{"message":{"return":{}},"command":"screendump"}}
{"elapsed_ms":75030,"kind":"response","payload":{"message":{"return":""},"command":"human-monitor-command"}}
{"elapsed_ms":75031,"kind":"input","payload":{"key":"ret","scheduled_seconds":75}}
{"elapsed_ms":75046,"kind":"response","payload":{"message":{"return":{}},"command":"screendump"}}
{"elapsed_ms":78529,"kind":"response","payload":{"message":{"return":{}},"command":"screendump"}}
{"elapsed_ms":82026,"kind":"response","payload":{"message":{"return":{}},"command":"screendump"}}
{"elapsed_ms":85045,"kind":"response","payload":{"message":{"return":""},"command":"human-monitor-command"}}
{"elapsed_ms":85045,"kind":"input","payload":{"key":"ret","scheduled_seconds":85}}
{"elapsed_ms":85536,"kind":"response","payload":{"message":{"return":{}},"command":"screendump"}}
{"elapsed_ms":89024,"kind":"response","payload":{"message":{"return":{}},"command":"screendump"}}
{"elapsed_ms":92517,"kind":"response","payload":{"message":{"return":{}},"command":"screendump"}}
{"elapsed_ms":96027,"kind":"response","payload":{"message":{"return":{}},"command":"screendump"}}
{"elapsed_ms":99526,"kind":"response","payload":{"message":{"return":{}},"command":"screendump"}}
{"elapsed_ms":103020,"kind":"response","payload":{"message":{"return":{}},"command":"screendump"}}
{"elapsed_ms":106523,"kind":"response","payload":{"message":{"return":{}},"command":"screendump"}}
{"elapsed_ms":110024,"kind":"response","payload":{"message":{"return":{}},"command":"screendump"}}
{"elapsed_ms":113523,"kind":"response","payload":{"message":{"return":{}},"command":"screendump"}}
{"elapsed_ms":115021,"kind":"response","payload":{"message":{"return":{"status":"running","running":true}},"command":"query-status"}}
{"elapsed_ms":115021,"kind":"runner","payload":{"reason":"capture-complete","action":"quit"}}
