[2J[01;01H[=3h[2J[01;01H[2J[01;01H[=3h[2J[01;01H[2J[01;01H[=3h[2J[01;01HBdsDxe: loading Boot0001 "UEFI QEMU HARDDISK QM00001 " from PciRoot(0x0)/Pci(0x1F,0x2)/Sata(0x0,0xFFFF,0x0)
BdsDxe: starting Boot0001 "UEFI QEMU HARDDISK QM00001 " from PciRoot(0x0)/Pci(0x1F,0x2)/Sata(0x0,0xFFFF,0x0)
USOS MANUAL FLOW BOOT PASS
PERSISTENT PHASE PREPARE-REQUESTED PASS
PERSISTENT PHASE PREPARE-REQUESTED PASS
BOOTORDER BACKUP PASS
BOOTORDER BACKUP PASS
BOOTNEXT CURRENT PASS
BOOTNEXT CURRENT PASS
MICRO-LINUX EFI LOADIMAGE PASS
MICRO-LINUX EFI LOADIMAGE PASS
MICRO-LINUX STARTIMAGE BEGIN
MICRO-LINUX STARTIMAGE BEGIN
[    0.000000] Linux version 6.18.35-0-virt (buildozer@build-3-24-x86_64) (cc (Alpine 15.2.0) 15.2.0, GNU ld (GNU Binutils) 2.45.1) #1-Alpine SMP PREEMPT_DYNAMIC 2026-06-09 12:34:47
[    0.000000] Command line: initrd=\EFI\USOS\micro-linux\initramfs-usos console=tty0 console=ttyS0,115200 rdinit=/usos-init usos.esp_partuuid=8958279f-e225-4b33-894a-c68f149d7481 usos.guard_test_bad_partuuid=00000000-0000-0000-0000-000000000001
[    0.000000] BIOS-provided physical RAM map:
[    0.000000] BIOS-e820: [mem 0x0000000000000000-0x000000000009ffff] usable
[    0.000000] BIOS-e820: [mem 0x0000000000100000-0x00000000007fffff] usable
[    0.000000] BIOS-e820: [mem 0x0000000000800000-0x0000000000807fff] ACPI NVS
[    0.000000] BIOS-e820: [mem 0x0000000000808000-0x000000000080afff] usable
[    0.000000] BIOS-e820: [mem 0x000000000080b000-0x000000000080bfff] ACPI NVS
[    0.000000] BIOS-e820: [mem 0x000000000080c000-0x0000000000810fff] usable
[    0.000000] BIOS-e820: [mem 0x0000000000811000-0x00000000008fffff] ACPI NVS
[    0.000000] BIOS-e820: [mem 0x0000000000900000-0x000000007ee2afff] usable
[    0.000000] BIOS-e820: [mem 0x000000007ee2b000-0x000000007eeebfff] reserved
[    0.000000] BIOS-e820: [mem 0x000000007eeec000-0x000000007f8ecfff] usable
[    0.000000] BIOS-e820: [mem 0x000000007f8ed000-0x000000007fb6cfff] reserved
[    0.000000] BIOS-e820: [mem 0x000000007fb6d000-0x000000007fb7efff] ACPI data
[    0.000000] BIOS-e820: [mem 0x000000007fb7f000-0x000000007fbfefff] ACPI NVS
[    0.000000] BIOS-e820: [mem 0x000000007fbff000-0x000000007fe7ffff] usable
[    0.000000] BIOS-e820: [mem 0x000000007fe80000-0x000000007fe83fff] reserved
[    0.000000] BIOS-e820: [mem 0x000000007fe84000-0x000000007fe85fff] ACPI NVS
[    0.000000] BIOS-e820: [mem 0x000000007fe86000-0x000000007fedbfff] usable
[    0.000000] BIOS-e820: [mem 0x000000007fedc000-0x000000007ff5ffff] reserved
[    0.000000] BIOS-e820: [mem 0x000000007ff60000-0x000000007fffffff] ACPI NVS
[    0.000000] BIOS-e820: [mem 0x00000000e0000000-0x00000000efffffff] reserved
[    0.000000] BIOS-e820: [mem 0x00000000ffc00000-0x00000000ffffffff] reserved
[    0.000000] BIOS-e820: [mem 0x0000000100000000-0x000000017fffffff] usable
[    0.000000] BIOS-e820: [mem 0x000000fd00000000-0x000000ffffffffff] reserved
[    0.000000] NX (Execute Disable) protection: active
[    0.000000] APIC: Static calls initialized
[    0.000000] efi: EFI v2.7 by EDK II
[    0.000000] efi: SMBIOS=0x7f988000 ACPI=0x7fb7e000 ACPI 2.0=0x7fb7e014 MEMATTR=0x7e785018 INITRD=0x7e0b8e98 RNG=0x7fb73018 
[    0.000000] random: crng init done
[    0.000000] efi: Remove mem134: MMIO range=[0xffc00000-0xffffffff] (4MB) from e820 map
[    0.000000] SMBIOS 2.8 present.
[    0.000000] DMI: QEMU Standard PC (Q35 + ICH9, 2009), BIOS edk2-stable202408-prebuilt.qemu.org 08/13/2024
[    0.000000] DMI: Memory slots populated: 1/1
[    0.000000] tsc: Fast TSC calibration using PIT
[    0.000000] tsc: Detected 3394.352 MHz processor
[    0.002667] last_pfn = 0x180000 max_arch_pfn = 0x10000000000
[    0.004500] MTRR map: 4 entries (2 fixed + 2 variable; max 18), built from 8 variable MTRRs
[    0.004778] x86/PAT: Configuration [0-7]: WB  WC  UC- UC  WB  WP  UC- WT  
[    0.006509] last_pfn = 0x7fedc max_arch_pfn = 0x10000000000
[    0.049508] Using GB pages for direct mapping
[    0.055439] Secure boot disabled
[    0.055494] RAMDISK: [mem 0x7b39d000-0x7bf3bfff]
[    0.055871] ACPI: Early table checksum verification disabled
[    0.056475] ACPI: RSDP 0x000000007FB7E014 000024 (v02 BOCHS )
[    0.056822] ACPI: XSDT 0x000000007FB7D0E8 000054 (v01 BOCHS  BXPC     00000001      01000013)
[    0.057657] ACPI: FACP 0x000000007FB79000 0000F4 (v03 BOCHS  BXPC     00000001 BXPC 00000001)
[    0.058370] ACPI: DSDT 0x000000007FB7A000 0021EB (v01 BOCHS  BXPC     00000001 BXPC 00000001)
[    0.058451] ACPI: FACS 0x000000007FBDD000 000040
[    0.058524] ACPI: APIC 0x000000007FB78000 000090 (v03 BOCHS  BXPC     00000001 BXPC 00000001)
[    0.058571] ACPI: HPET 0x000000007FB77000 000038 (v01 BOCHS  BXPC     00000001 BXPC 00000001)
[    0.058595] ACPI: MCFG 0x000000007FB76000 00003C (v01 BOCHS  BXPC     00000001 BXPC 00000001)
[    0.058616] ACPI: WAET 0x000000007FB75000 000028 (v01 BOCHS  BXPC     00000001 BXPC 00000001)
[    0.058636] ACPI: BGRT 0x000000007FB74000 000038 (v01 INTEL  EDK2     00000002      01000013)
[    0.058796] ACPI: Reserving FACP table memory at [mem 0x7fb79000-0x7fb790f3]
[    0.058836] ACPI: Reserving DSDT table memory at [mem 0x7fb7a000-0x7fb7c1ea]
[    0.058843] ACPI: Reserving FACS table memory at [mem 0x7fbdd000-0x7fbdd03f]
[    0.058848] ACPI: Reserving APIC table memory at [mem 0x7fb78000-0x7fb7808f]
[    0.058854] ACPI: Reserving HPET table memory at [mem 0x7fb77000-0x7fb77037]
[    0.058859] ACPI: Reserving MCFG table memory at [mem 0x7fb76000-0x7fb7603b]
[    0.058865] ACPI: Reserving WAET table memory at [mem 0x7fb75000-0x7fb75027]
[    0.058870] ACPI: Reserving BGRT table memory at [mem 0x7fb74000-0x7fb74037]
[    0.063022] No NUMA configuration found
[    0.063046] Faking a node at [mem 0x0000000000000000-0x000000017fffffff]
[    0.064048] NODE_DATA(0) allocated [mem 0x17fff9d40-0x17fffdfff]
[    0.068072] Zone ranges:
[    0.068102]   DMA      [mem 0x0000000000001000-0x0000000000ffffff]
[    0.068187]   DMA32    [mem 0x0000000001000000-0x00000000ffffffff]
[    0.068196]   Normal   [mem 0x0000000100000000-0x000000017fffffff]
[    0.068220] Movable zone start for each node
[    0.068266] Early memory node ranges
[    0.068301]   node   0: [mem 0x0000000000001000-0x000000000009ffff]
[    0.068513]   node   0: [mem 0x0000000000100000-0x00000000007fffff]
[    0.068521]   node   0: [mem 0x0000000000808000-0x000000000080afff]
[    0.068526]   node   0: [mem 0x000000000080c000-0x0000000000810fff]
[    0.068531]   node   0: [mem 0x0000000000900000-0x000000007ee2afff]
[    0.068570]   node   0: [mem 0x000000007eeec000-0x000000007f8ecfff]
[    0.068576]   node   0: [mem 0x000000007fbff000-0x000000007fe7ffff]
[    0.068582]   node   0: [mem 0x000000007fe86000-0x000000007fedbfff]
[    0.068587]   node   0: [mem 0x0000000100000000-0x000000017fffffff]
[    0.068733] Initmem setup node 0 [mem 0x0000000000001000-0x000000017fffffff]
[    0.070635] On node 0, zone DMA: 1 pages in unavailable ranges
[    0.071015] On node 0, zone DMA: 96 pages in unavailable ranges
[    0.071027] On node 0, zone DMA: 8 pages in unavailable ranges
[    0.071033] On node 0, zone DMA: 1 pages in unavailable ranges
[    0.071201] On node 0, zone DMA: 239 pages in unavailable ranges
[    0.116706] On node 0, zone DMA32: 193 pages in unavailable ranges
[    0.116815] On node 0, zone DMA32: 786 pages in unavailable ranges
[    0.116832] On node 0, zone DMA32: 6 pages in unavailable ranges
[    0.156784] On node 0, zone Normal: 292 pages in unavailable ranges
[    0.157745] ACPI: PM-Timer IO Port: 0x608
[    0.158471] ACPI: LAPIC_NMI (acpi_id[0xff] dfl dfl lint[0x1])
[    0.159093] IOAPIC[0]: apic_id 0, version 32, address 0xfec00000, GSI 0-23
[    0.159257] ACPI: INT_SRC_OVR (bus 0 bus_irq 0 global_irq 2 dfl dfl)
[    0.159656] ACPI: INT_SRC_OVR (bus 0 bus_irq 5 global_irq 5 high level)
[    0.159719] ACPI: INT_SRC_OVR (bus 0 bus_irq 9 global_irq 9 high level)
[    0.159891] ACPI: INT_SRC_OVR (bus 0 bus_irq 10 global_irq 10 high level)
[    0.159901] ACPI: INT_SRC_OVR (bus 0 bus_irq 11 global_irq 11 high level)
[    0.160220] ACPI: Using ACPI (MADT) for SMP configuration information
[    0.160289] ACPI: HPET id: 0x8086a201 base: 0xfed00000
[    0.162145] CPU topo: Max. logical packages:   1
[    0.162159] CPU topo: Max. logical dies:       1
[    0.162169] CPU topo: Max. dies per package:   1
[    0.162235] CPU topo: Max. threads per core:   1
[    0.162444] CPU topo: Num. cores per package:     4
[    0.162462] CPU topo: Num. threads per package:   4
[    0.162472] CPU topo: Allowing 4 present CPUs plus 0 hotplug CPUs
[    0.163950] [mem 0x80000000-0xdfffffff] available for PCI devices
[    0.164072] Booting paravirtualized kernel on bare hardware
[    0.164449] clocksource: refined-jiffies: mask: 0xffffffff max_cycles: 0xffffffff, max_idle_ns: 1910969940391419 ns
[    0.175581] setup_percpu: NR_CPUS:256 nr_cpumask_bits:4 nr_cpu_ids:4 nr_node_ids:1
[    0.179218] percpu: Embedded 55 pages/cpu s185752 r8192 d31336 u524288
[    0.181738] Kernel command line: initrd=\EFI\USOS\micro-linux\initramfs-usos console=tty0 console=ttyS0,115200 rdinit=/usos-init usos.esp_partuuid=8958279f-e225-4b33-894a-c68f149d7481 usos.guard_test_bad_partuuid=00000000-0000-0000-0000-000000000001
[    0.183539] printk: log buffer data + meta data: 131072 + 458752 = 589824 bytes
[    0.184986] Dentry cache hash table entries: 524288 (order: 10, 4194304 bytes, linear)
[    0.185743] Inode-cache hash table entries: 262144 (order: 9, 2097152 bytes, linear)
[    0.189816] software IO TLB: area num 4.
[    0.221892] Fallback order for Node 0: 0 
[    0.222289] Built 1 zonelists, mobility grouping on.  Total pages: 1046954
[    0.222308] Policy zone: Normal
[    0.223651] mem auto-init: stack:all(zero), heap alloc:on, heap free:off
[    0.260361] SLUB: HWalign=64, Order=0-3, MinObjects=0, CPUs=4, Nodes=1
[    0.278369] Dynamic Preempt: none
[    0.282833] rcu: Preemptible hierarchical RCU implementation.
[    0.282881] rcu: 	RCU restricting CPUs from NR_CPUS=256 to nr_cpu_ids=4.
[    0.283227] 	Trampoline variant of Tasks RCU enabled.
[    0.283244] 	Tracing variant of Tasks RCU enabled.
[    0.283405] rcu: RCU calculated value of scheduler-enlistment delay is 100 jiffies.
[    0.283445] rcu: Adjusting geometry for rcu_fanout_leaf=16, nr_cpu_ids=4
[    0.285173] RCU Tasks: Setting shift to 2 and lim to 1 rcu_task_cb_adjust=1 rcu_task_cpu_ids=4.
[    0.285202] RCU Tasks Trace: Setting shift to 2 and lim to 1 rcu_task_cb_adjust=1 rcu_task_cpu_ids=4.
[    0.339431] NR_IRQS: 16640, nr_irqs: 456, preallocated irqs: 16
[    0.352051] rcu: srcu_init: Setting srcu_struct sizes based on contention.
[    0.359373] kfence: initialized - using 2097152 bytes for 255 objects at 0x(____ptrval____)-0x(____ptrval____)
[    0.364661] Console: colour dummy device 80x25
[    0.365189] printk: legacy console [tty0] enabled
[    0.371561] printk: legacy console [ttyS0] enabled
[    0.406447] ACPI: Core revision 20250807
[    0.413946] clocksource: hpet: mask: 0xffffffff max_cycles: 0xffffffff, max_idle_ns: 19112604467 ns
[    0.421383] APIC: Switch to symmetric I/O mode setup
[    0.422479] x2apic: IRQ remapping doesn't support X2APIC mode
[    0.428948] ..TIMER: vector=0x30 apic1=0 pin1=2 apic2=-1 pin2=-1
[    0.438513] clocksource: tsc-early: mask: 0xffffffffffffffff max_cycles: 0x30ed7734926, max_idle_ns: 440795285178 ns
[    0.439623] Calibrating delay loop (skipped), value calculated using timer frequency.. 6788.70 BogoMIPS (lpj=3394352)
[    0.443349] x86/cpu: User Mode Instruction Prevention (UMIP) activated
[    0.447090] Last level iTLB entries: 4KB 0, 2MB 0, 4MB 0
[    0.447615] Last level dTLB entries: 4KB 0, 2MB 0, 4MB 0, 1GB 0
[    0.449349] mitigations: Enabled attack vectors: user_kernel, user_user, guest_host, guest_guest, SMT mitigations: auto
[    0.450717] Speculative Store Bypass: Vulnerable
[    0.451349] Spectre V2 : Mitigation: Retpolines
[    0.451349] Spectre V1 : Mitigation: usercopy/swapgs barriers and __user pointer sanitization
[    0.451680] Spectre V2 : Spectre v2 / SpectreRSB: Filling RSB on context switch and VMEXIT
[    0.455349] x86/fpu: Supporting XSAVE feature 0x001: 'x87 floating point registers'
[    0.459935] x86/fpu: Supporting XSAVE feature 0x002: 'SSE registers'
[    0.460371] x86/fpu: Supporting XSAVE feature 0x004: 'AVX registers'
[    0.460633] x86/fpu: Supporting XSAVE feature 0x008: 'MPX bounds registers'
[    0.460915] x86/fpu: Supporting XSAVE feature 0x010: 'MPX CSR'
[    0.461349] x86/fpu: xstate_offset[2]:  576, xstate_sizes[2]:  256
[    0.461349] x86/fpu: xstate_offset[3]:  960, xstate_sizes[3]:   64
[    0.461415] x86/fpu: xstate_offset[4]: 1024, xstate_sizes[4]:   64
[    0.461721] x86/fpu: Enabled xstate features 0x1f, context size is 1088 bytes, using 'standard' format.
[    0.598457] Freeing SMP alternatives memory: 40K
[    0.599349] pid_max: default: 32768 minimum: 301
[    0.606723] LSM: initializing lsm=lockdown,capability,landlock,yama
[    0.608349] landlock: Up and running.
[    0.608349] Yama: becoming mindful.
[    0.611679] Mount-cache hash table entries: 8192 (order: 4, 65536 bytes, linear)
[    0.612349] Mountpoint-cache hash table entries: 8192 (order: 4, 65536 bytes, linear)
[    0.708349] smpboot: CPU0: AMD QEMU TCG CPU version 2.5+ (family: 0x6, model: 0x6, stepping: 0x3)
[    0.721591] Performance Events: PMU not available due to virtualization, using software events only.
[    0.723602] signal: max sigframe size: 2032
[    0.725219] rcu: Hierarchical SRCU implementation.
[    0.725349] rcu: 	Max phase no-delay instances is 400.
[    0.727006] Timer migration: 1 hierarchy levels; 8 children per group; 1 crossnode level
[    0.731694] NMI watchdog: Perf NMI watchdog permanently disabled
[    0.736339] smp: Bringing up secondary CPUs ...
[    0.741349] smpboot: x86: Booting SMP configuration:
[    0.741349] .... node  #0, CPUs:      #1 #2 #3
[    0.073488] calibrate_delay_direct() dropping min bogoMips estimate 3 = 4409062
[    0.073488] calibrate_delay_direct() dropping max bogoMips estimate 3 = 5767123
[    0.073488] calibrate_delay_direct() dropping max bogoMips estimate 4 = 5413678
[    0.073488] calibrate_delay_direct() dropping max bogoMips estimate 1 = 5770675
[    0.964349] smp: Brought up 1 node, 4 CPUs
[    0.964349] smpboot: Total of 4 processors activated (36619.21 BogoMIPS)
[    0.972017] Memory: 3950212K/4187816K available (14650K kernel code, 2032K rwdata, 9844K rodata, 2996K init, 1168K bss, 232312K reserved, 0K cma-reserved)
[    0.981839] devtmpfs: initialized
[    0.985349] x86/mm: Memory block size: 128MB
[    0.996859] ACPI: PM: Registering ACPI NVS region [mem 0x00800000-0x00807fff] (32768 bytes)
[    0.997246] ACPI: PM: Registering ACPI NVS region [mem 0x0080b000-0x0080bfff] (4096 bytes)
[    0.997246] ACPI: PM: Registering ACPI NVS region [mem 0x00811000-0x008fffff] (978944 bytes)
[    0.997349] ACPI: PM: Registering ACPI NVS region [mem 0x7fb7f000-0x7fbfefff] (524288 bytes)
[    0.997349] ACPI: PM: Registering ACPI NVS region [mem 0x7fe84000-0x7fe85fff] (8192 bytes)
[    0.998450] ACPI: PM: Registering ACPI NVS region [mem 0x7ff60000-0x7fffffff] (655360 bytes)
[    1.000612] clocksource: jiffies: mask: 0xffffffff max_cycles: 0xffffffff, max_idle_ns: 1911260446275000 ns
[    1.001168] posixtimers hash table entries: 2048 (order: 3, 32768 bytes, linear)
[    1.001349] futex hash table entries: 1024 (65536 bytes on 1 NUMA nodes, total 64 KiB, linear).
[    1.020990] NET: Registered PF_NETLINK/PF_ROUTE protocol family
[    1.023263] audit: initializing netlink subsys (disabled)
[    1.024855] audit: type=2000 audit(1788343577.599:1): state=initialized audit_enabled=0 res=1
[    1.026349] thermal_sys: Registered thermal governor 'step_wise'
[    1.027448] cpuidle: using governor ladder
[    1.028002] cpuidle: using governor menu
[    1.037349] efi: Freeing EFI boot services memory: 40480K
[    1.037349] acpiphp: ACPI Hot Plug PCI Controller Driver version: 0.5
[    1.041141] PCI: ECAM [mem 0xe0000000-0xefffffff] (base 0xe0000000) for domain 0000 [bus 00-ff]
[    1.043891] PCI: Using configuration type 1 for base access
[    1.045190] mtrr: your CPUs had inconsistent fixed MTRR settings
[    1.045392] mtrr: your CPUs had inconsistent variable MTRR settings
[    1.045654] mtrr: your CPUs had inconsistent MTRRdefType settings
[    1.045894] mtrr: probably your BIOS does not setup all CPUs.
[    1.046141] mtrr: corrected configuration.
[    1.047720] kprobes: kprobe jump-optimization is enabled. All kprobes are optimized if possible.
[    1.053349] HugeTLB: registered 1.00 GiB page size, pre-allocated 0 pages
[    1.053349] HugeTLB: 16380 KiB vmemmap can be freed for a 1.00 GiB page
[    1.053409] HugeTLB: registered 2.00 MiB page size, pre-allocated 0 pages
[    1.053663] HugeTLB: 28 KiB vmemmap can be freed for a 2.00 MiB page
[    1.065349] ACPI: Added _OSI(Module Device)
[    1.065349] ACPI: Added _OSI(Processor Device)
[    1.065349] ACPI: Added _OSI(Processor Aggregator Device)
[    1.077668] ACPI: 1 ACPI AML tables successfully acquired and loaded
[    1.094404] ACPI: Interpreter enabled
[    1.095832] ACPI: PM: (supports S0 S3 S5)
[    1.096068] ACPI: Using IOAPIC for interrupt routing
[    1.097349] PCI: Using host bridge windows from ACPI; if necessary, use "pci=nocrs" and report a bug
[    1.097456] PCI: Ignoring E820 reservations for host bridge windows
[    1.099852] ACPI: Enabled 2 GPEs in block 00 to 3F
[    1.119349] ACPI: PCI Root Bridge [PCI0] (domain 0000 [bus 00-ff])
[    1.120020] acpi PNP0A08:00: _OSC: OS supports [ExtendedConfig ASPM ClockPM Segments MSI HPX-Type3]
[    1.120893] acpi PNP0A08:00: _OSC: platform does not support [PCIeHotplug LTR]
[    1.121349] acpi PNP0A08:00: _OSC: OS now controls [PME PCIeCapability]
[    1.124349] PCI host bridge to bus 0000:00
[    1.124562] pci_bus 0000:00: root bus resource [io  0x0000-0x0cf7 window]
[    1.124916] pci_bus 0000:00: root bus resource [io  0x0d00-0xffff window]
[    1.125169] pci_bus 0000:00: root bus resource [mem 0x000a0000-0x000bffff window]
[    1.126376] pci_bus 0000:00: root bus resource [mem 0x80000000-0xdfffffff window]
[    1.126732] pci_bus 0000:00: root bus resource [mem 0xf0000000-0xfebfffff window]
[    1.127072] pci_bus 0000:00: root bus resource [mem 0x180000000-0x97fffffff window]
[    1.127349] pci_bus 0000:00: root bus resource [bus 00-ff]
[    1.128349] pci 0000:00:00.0: [8086:29c0] type 00 class 0x060000 conventional PCI endpoint
[    1.132491] pci 0000:00:01.0: [1234:1111] type 00 class 0x030000 conventional PCI endpoint
[    1.133921] pci 0000:00:01.0: BAR 0 [mem 0x80000000-0x80ffffff pref]
[    1.134284] pci 0000:00:01.0: BAR 2 [mem 0x81011000-0x81011fff]
[    1.134349] pci 0000:00:01.0: ROM [mem 0xffff0000-0xffffffff pref]
[    1.134587] pci 0000:00:01.0: Video device with shadowed ROM at [mem 0x000c0000-0x000dffff]
[    1.135349] pci 0000:00:1f.0: [8086:2918] type 00 class 0x060100 conventional PCI endpoint
[    1.135665] pci 0000:00:1f.0: quirk: [io  0x0600-0x067f] claimed by ICH6 ACPI/GPIO/TCO
[    1.136349] pci 0000:00:1f.2: [8086:2922] type 00 class 0x010601 conventional PCI endpoint
[    1.136805] pci 0000:00:1f.2: BAR 4 [io  0x6040-0x605f]
[    1.137054] pci 0000:00:1f.2: BAR 5 [mem 0x81010000-0x81010fff]
[    1.137349] pci 0000:00:1f.3: [8086:2930] type 00 class 0x0c0500 conventional PCI endpoint
[    1.138156] pci 0000:00:1f.3: BAR 4 [io  0x6000-0x603f]
[    1.141349] ACPI: PCI: Interrupt link LNKA configured for IRQ 10
[    1.141943] ACPI: PCI: Interrupt link LNKB configured for IRQ 10
[    1.142785] ACPI: PCI: Interrupt link LNKC configured for IRQ 11
[    1.143347] ACPI: PCI: Interrupt link LNKD configured for IRQ 11
[    1.143349] ACPI: PCI: Interrupt link LNKE configured for IRQ 10
[    1.143582] ACPI: PCI: Interrupt link LNKF configured for IRQ 10
[    1.144149] ACPI: PCI: Interrupt link LNKG configured for IRQ 11
[    1.144715] ACPI: PCI: Interrupt link LNKH configured for IRQ 11
[    1.145059] ACPI: PCI: Interrupt link GSIA configured for IRQ 16
[    1.145349] ACPI: PCI: Interrupt link GSIB configured for IRQ 17
[    1.145349] ACPI: PCI: Interrupt link GSIC configured for IRQ 18
[    1.145349] ACPI: PCI: Interrupt link GSID configured for IRQ 19
[    1.145410] ACPI: PCI: Interrupt link GSIE configured for IRQ 20
[    1.145713] ACPI: PCI: Interrupt link GSIF configured for IRQ 21
[    1.146002] ACPI: PCI: Interrupt link GSIG configured for IRQ 22
[    1.146289] ACPI: PCI: Interrupt link GSIH configured for IRQ 23
[    1.150349] iommu: Default domain type: Translated
[    1.150349] iommu: DMA domain TLB invalidation policy: lazy mode
[    1.153310] SCSI subsystem initialized
[    1.154397] pps_core: LinuxPPS API ver. 1 registered
[    1.154615] pps_core: Software ver. 5.3.6 - Copyright 2005-2007 Rodolfo Giometti <giometti@linux.it>
[    1.155055] PTP clock support registered
[    1.157536] efivars: Registered efivars operations
[    1.166384] PCI: Using ACPI for IRQ routing
[    1.173349] clocksource: Switched to clocksource tsc-early
[    1.183207] VFS: Disk quotas dquot_6.6.0
[    1.183576] VFS: Dquot-cache hash table entries: 512 (order 0, 4096 bytes)
[    1.185638] pnp: PnP ACPI init
[    1.189579] ACPI: IRQ 4 override to edge(!), high(!)
[    1.191632] system 00:05: [mem 0xe0000000-0xefffffff window] has been reserved
[    1.193639] pnp: PnP ACPI: found 6 devices
[    1.233603] clocksource: acpi_pm: mask: 0xffffff max_cycles: 0xffffff, max_idle_ns: 2085701024 ns
[    1.234951] NET: Registered PF_INET protocol family
[    1.237633] IP idents hash table entries: 65536 (order: 7, 524288 bytes, linear)
[    1.319533] tcp_listen_portaddr_hash hash table entries: 2048 (order: 3, 32768 bytes, linear)
[    1.320567] Table-perturb hash table entries: 65536 (order: 6, 262144 bytes, linear)
[    1.320876] TCP established hash table entries: 32768 (order: 6, 262144 bytes, linear)
[    1.324497] TCP bind hash table entries: 32768 (order: 8, 1048576 bytes, linear)
[    1.324611] TCP: Hash tables configured (established 32768 bind 32768)
[    1.383747] MPTCP token hash table entries: 4096 (order: 5, 98304 bytes, linear)
[    1.384735] UDP hash table entries: 2048 (order: 5, 131072 bytes, linear)
[    1.385576] UDP-Lite hash table entries: 2048 (order: 5, 131072 bytes, linear)
[    1.388176] NET: Registered PF_UNIX/PF_LOCAL protocol family
[    1.388609] NET: Registered PF_XDP protocol family
[    1.390351] pci_bus 0000:00: resource 4 [io  0x0000-0x0cf7 window]
[    1.390649] pci_bus 0000:00: resource 5 [io  0x0d00-0xffff window]
[    1.390888] pci_bus 0000:00: resource 6 [mem 0x000a0000-0x000bffff window]
[    1.391144] pci_bus 0000:00: resource 7 [mem 0x80000000-0xdfffffff window]
[    1.391400] pci_bus 0000:00: resource 8 [mem 0xf0000000-0xfebfffff window]
[    1.391591] pci_bus 0000:00: resource 9 [mem 0x180000000-0x97fffffff window]
[    1.391591] PCI: CLS 0 bytes, default 64
[    1.393275] PCI-DMA: Using software bounce buffering for IO (SWIOTLB)
[    1.393552] software IO TLB: mapped [mem 0x000000007739d000-0x000000007b39d000] (64MB)
[    1.398027] Unpacking initramfs...
[    1.400490] Initialise system trusted keyrings
[    1.403936] workingset: timestamp_bits=40 max_order=20 bucket_order=0
[    1.408925] Key type asymmetric registered
[    1.409227] Asymmetric key parser 'x509' registered
[    1.409822] Block layer SCSI generic (bsg) driver version 0.4 loaded (major 247)
[    1.410891] io scheduler mq-deadline registered
[    1.411159] io scheduler kyber registered
[    1.411687] io scheduler bfq registered
[    1.421203] ERST DBG: ERST support is disabled.
[    1.423305] Serial: 8250/16550 driver, 4 ports, IRQ sharing enabled
[    1.428252] 00:03: ttyS0 at I/O 0x3f8 (irq = 4, base_baud = 115200) is a 16550A
[    1.446807] VMware PVSCSI driver - version 1.0.7.0-k
[    1.452559] ACPI: \_SB_.GSIA: Enabled at IRQ 16
[    1.464524] ahci 0000:00:1f.2: AHCI vers 0001.0000, 32 command slots, 1.5 Gbps, SATA mode
[    1.464561] ahci 0000:00:1f.2: 6/6 ports implemented (port mask 0x3f)
[    1.464561] ahci 0000:00:1f.2: flags: 64bit ncq only 
[    1.477405] scsi host0: ahci
[    1.482038] scsi host1: ahci
[    1.483766] scsi host2: ahci
[    1.485134] scsi host3: ahci
[    1.486895] scsi host4: ahci
[    1.488365] scsi host5: ahci
[    1.489365] ata1: SATA max UDMA/133 abar m4096@0x81010000 port 0x81010100 irq 24 lpm-pol 1
[    1.489857] ata2: SATA max UDMA/133 abar m4096@0x81010000 port 0x81010180 irq 24 lpm-pol 1
[    1.490186] ata3: SATA max UDMA/133 abar m4096@0x81010000 port 0x81010200 irq 24 lpm-pol 1
[    1.490500] ata4: SATA max UDMA/133 abar m4096@0x81010000 port 0x81010280 irq 24 lpm-pol 1
[    1.490855] ata5: SATA max UDMA/133 abar m4096@0x81010000 port 0x81010300 irq 24 lpm-pol 1
[    1.491174] ata6: SATA max UDMA/133 abar m4096@0x81010000 port 0x81010380 irq 24 lpm-pol 1
[    1.493467] hv_vmbus: registering driver hv_netvsc
[    1.495206] i8042: PNP: PS/2 Controller [PNP0303:KBD,PNP0f13:MOU] at 0x60,0x64 irq 1,12
[    1.501095] serio: i8042 KBD port at 0x60,0x64 irq 1
[    1.501571] serio: i8042 AUX port at 0x60,0x64 irq 12
[    1.501586] hv_vmbus: registering driver hyperv_keyboard
[    1.502952] rtc_cmos 00:04: RTC can wake from S4
[    1.510117] rtc_cmos 00:04: registered as rtc0
[    1.510552] input: AT Translated Set 2 keyboard as /devices/platform/i8042/serio0/input/input0
[    1.510557] rtc_cmos 00:04: setting system clock to 2026-09-02T10:06:19 UTC (1788343579)
[    1.512473] rtc_cmos 00:04: alarms up to one day, y3k, 242 bytes nvram
[    1.513183] amd_pstate: the _CPC object is not present in SBIOS or ACPI disabled
[    1.516547] gre: GRE over IPv4 demultiplexer driver
[    1.517739] NET: Registered PF_INET6 protocol family
[    1.529607] Segment Routing with IPv6
[    1.530077] In-situ OAM (IOAM) with IPv6
[    1.531324] Key type dns_resolver registered
[    1.532983] IPI shorthand broadcast: enabled
[    1.555966] sched_clock: Marking stable (1483058067, 72488232)->(1945009865, -389463566)
[    1.561618] registered taskstats version 1
[    1.565319] Loading compiled-in X.509 certificates
[    1.697515] ata6: SATA link down (SStatus 0 SControl 300)
[    1.699352] ata5: SATA link down (SStatus 0 SControl 300)
[    1.699781] ata4: SATA link down (SStatus 0 SControl 300)
[    1.700152] ata2: SATA link down (SStatus 0 SControl 300)
[    1.700891] ata1: SATA link up 1.5 Gbps (SStatus 113 SControl 300)
[    1.703177] ata3: SATA link up 1.5 Gbps (SStatus 113 SControl 300)
[    1.704461] ata1.00: Model 'QEMU HARDDISK', rev '2.5+', applying quirks: bridgeok
[    1.705377] ata1.00: ATA-7: QEMU HARDDISK, 2.5+, max UDMA/100
[    1.705863] ata1.00: 50332464 sectors, multi 16: LBA48 NCQ (depth 32)
[    1.707697] ata3.00: ATAPI: QEMU DVD-ROM, 2.5+, max UDMA/100
[    1.708016] ata3.00: applying bridge limits
[    1.708720] ata1.00: configured for UDMA/100
[    1.709267] ata3.00: configured for UDMA/100
[    1.721649] scsi 0:0:0:0: Direct-Access     ATA      QEMU HARDDISK    2.5+ PQ: 0 ANSI: 5
[    1.734324] scsi 2:0:0:0: CD-ROM            QEMU     QEMU DVD-ROM     2.5+ PQ: 0 ANSI: 5
[    2.135073] Freeing initrd memory: 11900K
[    2.277572] Loaded X.509 cert 'alpinelinux.org: Alpine Linux kernel key: d76a695f66ad9cd28f5c22a8508f36e91f521f7a'
[    2.298687] Demotion targets for Node 0: null
[    2.300321] Key type .fscrypt registered
[    2.300572] Key type fscrypt-provisioning registered
[    2.456665] Freeing unused kernel image (initmem) memory: 2996K
[    2.457385] Write protecting the kernel read-only data: 26624k
[    2.460923] Freeing unused kernel image (text/rodata gap) memory: 1732K
[    2.461894] Freeing unused kernel image (rodata/data gap) memory: 396K
[    2.462732] rodata_test: all tests were successful
[    2.463433] Run /usos-init as init process
[    2.464193] tsc: Refined TSC clocksource calibration: 3393.627 MHz
[    2.464845] clocksource: tsc: mask: 0xffffffffffffffff max_cycles: 0x30eaca601c7, max_idle_ns: 440795314041 ns
[    2.465372] clocksource: Switched to clocksource tsc
[MICRO-LINUX] boot PASS
[    2.726116] sd 0:0:0:0: [sda] 50332464 512-byte logical blocks: (25.8 GB/24.0 GiB)
[    2.727190] sd 0:0:0:0: [sda] Write Protect is off
[    2.727985] sd 0:0:0:0: [sda] Write cache: enabled, read cache: enabled, doesn't support DPO or FUA
[    2.729617] sd 0:0:0:0: [sda] Preferred minimum I/O size 512 bytes
[    2.775729]  sda: sda1 sda2 sda3 sda4
[    2.778301] sd 0:0:0:0: [sda] Attached SCSI disk
[    2.851624] loop: module loaded
[    2.898468] fuse: init (API version 7.45)
[    5.331691] FAT-fs (sda2): utf8 is not a recommended IO charset for FAT filesystems, filesystem will be case sensitive!
[MICRO-LINUX] NEGATIVE GUARD TEST: intentionally supplied bad WORK PARTUUID=00000000-0000-0000-0000-000000000001
[MICRO-LINUX] invoking device_guard before any formatting operation
[DEVICE_GUARD] STOP: missing PARTUUID path: /dev/disk/by-partuuid/00000000-0000-0000-0000-000000000001
[MICRO-LINUX] NEGATIVE GUARD TEST PASS: device_guard stopped invalid PARTUUID
[MICRO-LINUX] STOP: expected negative device_guard stop; mkfs.ntfs was not invoked
[MICRO-LINUX] emergency shell available on console
/bin/sh: can't access tty; job control turned off
~ # [6n