{"elapsed_ms":527,"kind":"greeting","payload":{"QMP":{"version":{"qemu":{"micro":0,"minor":1,"major":11},"package":"v11.1.0-12130-ge470268ff4"},"capabilities":["oob"]}}}
{"elapsed_ms":555,"kind":"response","payload":{"message":{"return":{}},"command":"qmp_capabilities"}}
{"elapsed_ms":584,"kind":"response","payload":{"message":{"return":{}},"command":"screendump"}}
{"elapsed_ms":599,"kind":"response","payload":{"message":{"return":{}},"command":"screendump"}}
{"elapsed_ms":615,"kind":"response","payload":{"message":{"return":{}},"command":"screendump"}}
{"elapsed_ms":770,"kind":"response","payload":{"message":{"return":{}},"command":"screendump"}}
{"elapsed_ms":1009,"kind":"event","payload":{"timestamp":{"seconds":1788346093,"microseconds":215497},"event":"RTC_CHANGE","data":{"offset":-1,"qom-path":"/machine/unattached/device[5]/rtc"}}}
{"elapsed_ms":1025,"kind":"response","payload":{"message":{"return":{}},"command":"screendump"}}
{"elapsed_ms":1275,"kind":"response","payload":{"message":{"return":{}},"command":"screendump"}}
{"elapsed_ms":1525,"kind":"response","payload":{"message":{"return":{}},"command":"screendump"}}
{"elapsed_ms":1777,"kind":"response","payload":{"message":{"return":{}},"command":"screendump"}}
{"elapsed_ms":2013,"kind":"event","payload":{"timestamp":{"seconds":1788346093,"microseconds":706496},"event":"RTC_CHANGE","data":{"offset":0,"qom-path":"/machine/unattached/device[5]/rtc"}}}
{"elapsed_ms":2028,"kind":"response","payload":{"message":{"return":{}},"command":"screendump"}}
{"elapsed_ms":2266,"kind":"response","payload":{"message":{"return":{}},"command":"screendump"}}
{"elapsed_ms":2518,"kind":"response","payload":{"message":{"return":{}},"command":"screendump"}}
{"elapsed_ms":2771,"kind":"response","payload":{"message":{"return":{}},"command":"screendump"}}
{"elapsed_ms":3023,"kind":"response","payload":{"message":{"return":{}},"command":"screendump"}}
{"elapsed_ms":3274,"kind":"response","payload":{"message":{"return":{}},"command":"screendump"}}
{"elapsed_ms":3526,"kind":"response","payload":{"message":{"return":{}},"command":"screendump"}}
{"elapsed_ms":3780,"kind":"response","payload":{"message":{"return":{}},"command":"screendump"}}
{"elapsed_ms":4016,"kind":"response","payload":{"message":{"return":{}},"command":"screendump"}}
{"elapsed_ms":4266,"kind":"response","payload":{"message":{"return":{}},"command":"screendump"}}
{"elapsed_ms":4522,"kind":"response","payload":{"message":{"return":{}},"command":"screendump"}}
{"elapsed_ms":4775,"kind":"response","payload":{"message":{"return":{}},"command":"screendump"}}
{"elapsed_ms":5026,"kind":"response","payload":{"message":{"return":{}},"command":"screendump"}}
{"elapsed_ms":5278,"kind":"response","payload":{"message":{"return":{}},"command":"screendump"}}
{"elapsed_ms":5527,"kind":"response","payload":{"message":{"return":{}},"command":"screendump"}}
{"elapsed_ms":5778,"kind":"response","payload":{"message":{"return":{}},"command":"screendump"}}
{"elapsed_ms":6015,"kind":"response","payload":{"message":{"return":{}},"command":"screendump"}}
{"elapsed_ms":6279,"kind":"response","payload":{"message":{"return":{}},"command":"screendump"}}
{"elapsed_ms":6524,"kind":"response","payload":{"message":{"return":{}},"command":"screendump"}}
{"elapsed_ms":6780,"kind":"response","payload":{"message":{"return":{}},"command":"screendump"}}
{"elapsed_ms":7016,"kind":"response","payload":{"message":{"return":{}},"command":"screendump"}}
{"elapsed_ms":7299,"kind":"response","payload":{"message":{"return":{}},"command":"screendump"}}
{"elapsed_ms":7518,"kind":"response","payload":{"message":{"return":{}},"command":"screendump"}}
{"elapsed_ms":7768,"kind":"response","payload":{"message":{"return":{}},"command":"screendump"}}
{"elapsed_ms":8020,"kind":"response","payload":{"message":{"return":{}},"command":"screendump"}}
{"elapsed_ms":8274,"kind":"response","payload":{"message":{"return":{}},"command":"screendump"}}
{"elapsed_ms":8524,"kind":"response","payload":{"message":{"return":{}},"command":"screendump"}}
{"elapsed_ms":8774,"kind":"response","payload":{"message":{"return":{}},"command":"screendump"}}
{"elapsed_ms":9024,"kind":"response","payload":{"message":{"return":{}},"command":"screendump"}}
{"elapsed_ms":9278,"kind":"response","payload":{"message":{"return":{}},"command":"screendump"}}
{"elapsed_ms":9526,"kind":"response","payload":{"message":{"return":{}},"command":"screendump"}}
{"elapsed_ms":9777,"kind":"response","payload":{"message":{"return":{}},"command":"screendump"}}
{"elapsed_ms":10028,"kind":"response","payload":{"message":{"return":{}},"command":"screendump"}}
{"elapsed_ms":10278,"kind":"response","payload":{"message":{"return":{}},"command":"screendump"}}
{"elapsed_ms":10526,"kind":"response","payload":{"message":{"return":{}},"command":"screendump"}}
{"elapsed_ms":10778,"kind":"response","payload":{"message":{"return":{}},"command":"screendump"}}
{"elapsed_ms":11028,"kind":"response","payload":{"message":{"return":{}},"command":"screendump"}}
{"elapsed_ms":11268,"kind":"response","payload":{"message":{"return":{}},"command":"screendump"}}
{"elapsed_ms":11518,"kind":"response","payload":{"message":{"return":{}},"command":"screendump"}}
{"elapsed_ms":11768,"kind":"response","payload":{"message":{"return":{}},"command":"screendump"}}
{"elapsed_ms":12022,"kind":"response","payload":{"message":{"return":{}},"command":"screendump"}}
{"elapsed_ms":17018,"kind":"response","payload":{"message":{"return":{}},"command":"screendump"}}
{"elapsed_ms":22024,"kind":"response","payload":{"message":{"return":{}},"command":"screendump"}}
{"elapsed_ms":27021,"kind":"response","payload":{"message":{"return":{}},"command":"screendump"}}
{"elapsed_ms":30047,"kind":"response","payload":{"message":{"return":""},"command":"human-monitor-command"}}
{"elapsed_ms":30048,"kind":"input","payload":{"key":"ret","scheduled_seconds":30}}
{"elapsed_ms":32023,"kind":"response","payload":{"message":{"return":{}},"command":"screendump"}}
{"elapsed_ms":37023,"kind":"response","payload":{"message":{"return":{}},"command":"screendump"}}
{"elapsed_ms":40029,"kind":"response","payload":{"message":{"return":""},"command":"human-monitor-command"}}
{"elapsed_ms":40030,"kind":"input","payload":{"key":"ret","scheduled_seconds":40}}
{"elapsed_ms":42023,"kind":"response","payload":{"message":{"return":{}},"command":"screendump"}}
{"elapsed_ms":47025,"kind":"response","payload":{"message":{"return":{}},"command":"screendump"}}
{"elapsed_ms":50018,"kind":"response","payload":{"message":{"return":""},"command":"human-monitor-command"}}
{"elapsed_ms":50019,"kind":"input","payload":{"key":"ret","scheduled_seconds":50}}
{"elapsed_ms":52016,"kind":"response","payload":{"message":{"return":{}},"command":"screendump"}}
{"elapsed_ms":57025,"kind":"response","payload":{"message":{"return":{}},"command":"screendump"}}
{"elapsed_ms":60035,"kind":"response","payload":{"message":{"return":""},"command":"human-monitor-command"}}
{"elapsed_ms":60036,"kind":"input","payload":{"key":"ret","scheduled_seconds":60}}
{"elapsed_ms":62020,"kind":"response","payload":{"message":{"return":{}},"command":"screendump"}}
{"elapsed_ms":67022,"kind":"response","payload":{"message":{"return":{}},"command":"screendump"}}
{"elapsed_ms":70042,"kind":"response","payload":{"message":{"return":""},"command":"human-monitor-command"}}
{"elapsed_ms":70043,"kind":"input","payload":{"key":"down","scheduled_seconds":70}}
{"elapsed_ms":72026,"kind":"response","payload":{"message":{"return":{}},"command":"screendump"}}
{"elapsed_ms":75034,"kind":"response","payload":{"message":{"return":""},"command":"human-monitor-command"}}
{"elapsed_ms":75035,"kind":"input","payload":{"key":"ret","scheduled_seconds":75}}
{"elapsed_ms":77030,"kind":"response","payload":{"message":{"return":{}},"command":"screendump"}}
{"elapsed_ms":82018,"kind":"response","payload":{"message":{"return":{}},"command":"screendump"}}
{"elapsed_ms":85019,"kind":"response","payload":{"message":{"return":""},"command":"human-monitor-command"}}
{"elapsed_ms":85020,"kind":"input","payload":{"key":"ret","scheduled_seconds":85}}
{"elapsed_ms":87019,"kind":"response","payload":{"message":{"return":{}},"command":"screendump"}}
{"elapsed_ms":92023,"kind":"response","payload":{"message":{"return":{}},"command":"screendump"}}
{"elapsed_ms":97026,"kind":"response","payload":{"message":{"return":{}},"command":"screendump"}}
{"elapsed_ms":102026,"kind":"response","payload":{"message":{"return":{}},"command":"screendump"}}
{"elapsed_ms":107030,"kind":"response","payload":{"message":{"return":{}},"command":"screendump"}}
{"elapsed_ms":112029,"kind":"response","payload":{"message":{"return":{}},"command":"screendump"}}
{"elapsed_ms":117027,"kind":"response","payload":{"message":{"return":{}},"command":"screendump"}}
{"elapsed_ms":122026,"kind":"response","payload":{"message":{"return":{}},"command":"screendump"}}
{"elapsed_ms":127024,"kind":"response","payload":{"message":{"return":{}},"command":"screendump"}}
{"elapsed_ms":132017,"kind":"response","payload":{"message":{"return":{}},"command":"screendump"}}
{"elapsed_ms":137017,"kind":"response","payload":{"message":{"return":{}},"command":"screendump"}}
{"elapsed_ms":142022,"kind":"response","payload":{"message":{"return":{}},"command":"screendump"}}
{"elapsed_ms":147031,"kind":"response","payload":{"message":{"return":{}},"command":"screendump"}}
{"elapsed_ms":152028,"kind":"response","payload":{"message":{"return":{}},"command":"screendump"}}
{"elapsed_ms":157028,"kind":"response","payload":{"message":{"return":{}},"command":"screendump"}}
{"elapsed_ms":162024,"kind":"response","payload":{"message":{"return":{}},"command":"screendump"}}
{"elapsed_ms":167017,"kind":"response","payload":{"message":{"return":{}},"command":"screendump"}}
{"elapsed_ms":172016,"kind":"response","payload":{"message":{"return":{}},"command":"screendump"}}
{"elapsed_ms":177020,"kind":"response","payload":{"message":{"return":{}},"command":"screendump"}}
{"elapsed_ms":182028,"kind":"response","payload":{"message":{"return":{}},"command":"screendump"}}
{"elapsed_ms":187026,"kind":"response","payload":{"message":{"return":{}},"command":"screendump"}}
{"elapsed_ms":192026,"kind":"response","payload":{"message":{"return":{}},"command":"screendump"}}
{"elapsed_ms":197031,"kind":"response","payload":{"message":{"return":{}},"command":"screendump"}}
{"elapsed_ms":202025,"kind":"response","payload":{"message":{"return":{}},"command":"screendump"}}
{"elapsed_ms":207019,"kind":"response","payload":{"message":{"return":{}},"command":"screendump"}}
{"elapsed_ms":212023,"kind":"response","payload":{"message":{"return":{}},"command":"screendump"}}
{"elapsed_ms":217025,"kind":"response","payload":{"message":{"return":{}},"command":"screendump"}}
{"elapsed_ms":222016,"kind":"response","payload":{"message":{"return":{}},"command":"screendump"}}
{"elapsed_ms":227016,"kind":"response","payload":{"message":{"return":{}},"command":"screendump"}}
{"elapsed_ms":232020,"kind":"response","payload":{"message":{"return":{}},"command":"screendump"}}
{"elapsed_ms":237024,"kind":"response","payload":{"message":{"return":{}},"command":"screendump"}}
{"elapsed_ms":242016,"kind":"response","payload":{"message":{"return":{}},"command":"screendump"}}
{"elapsed_ms":247023,"kind":"response","payload":{"message":{"return":{}},"command":"screendump"}}
{"elapsed_ms":252020,"kind":"response","payload":{"message":{"return":{}},"command":"screendump"}}
{"elapsed_ms":257021,"kind":"response","payload":{"message":{"return":{}},"command":"screendump"}}
{"elapsed_ms":262027,"kind":"response","payload":{"message":{"return":{}},"command":"screendump"}}
{"elapsed_ms":267025,"kind":"response","payload":{"message":{"return":{}},"command":"screendump"}}
{"elapsed_ms":272027,"kind":"response","payload":{"message":{"return":{}},"command":"screendump"}}
{"elapsed_ms":277017,"kind":"response","payload":{"message":{"return":{}},"command":"screendump"}}
{"elapsed_ms":282019,"kind":"response","payload":{"message":{"return":{}},"command":"screendump"}}
{"elapsed_ms":287028,"kind":"response","payload":{"message":{"return":{}},"command":"screendump"}}
{"elapsed_ms":292016,"kind":"response","payload":{"message":{"return":{}},"command":"screendump"}}
{"elapsed_ms":297022,"kind":"response","payload":{"message":{"return":{}},"command":"screendump"}}
{"elapsed_ms":302030,"kind":"response","payload":{"message":{"return":{}},"command":"screendump"}}
{"elapsed_ms":307010,"kind":"event","payload":{"timestamp":{"seconds":1788346395,"microseconds":304497},"event":"RESET","data":{"guest":true,"reason":"guest-reset"}}}
{"elapsed_ms":307025,"kind":"event","payload":{"timestamp":{"seconds":1788346396,"microseconds":174497},"event":"RTC_CHANGE","data":{"offset":0,"qom-path":"/machine/unattached/device[5]/rtc"}}}
{"elapsed_ms":307026,"kind":"event","payload":{"timestamp":{"seconds":1788346396,"microseconds":454497},"event":"RTC_CHANGE","data":{"offset":0,"qom-path":"/machine/unattached/device[5]/rtc"}}}
{"elapsed_ms":307027,"kind":"response","payload":{"message":{"return":{}},"command":"screendump"}}
{"elapsed_ms":312017,"kind":"response","payload":{"message":{"return":{}},"command":"screendump"}}
{"elapsed_ms":317023,"kind":"response","payload":{"message":{"return":{}},"command":"screendump"}}
{"elapsed_ms":322024,"kind":"response","payload":{"message":{"return":{}},"command":"screendump"}}
{"elapsed_ms":327019,"kind":"response","payload":{"message":{"return":{}},"command":"screendump"}}
{"elapsed_ms":332036,"kind":"response","payload":{"message":{"return":{}},"command":"screendump"}}
{"elapsed_ms":337020,"kind":"response","payload":{"message":{"return":{}},"command":"screendump"}}
{"elapsed_ms":342027,"kind":"response","payload":{"message":{"return":{}},"command":"screendump"}}
{"elapsed_ms":347027,"kind":"response","payload":{"message":{"return":{}},"command":"screendump"}}
{"elapsed_ms":352031,"kind":"response","payload":{"message":{"return":{}},"command":"screendump"}}
{"elapsed_ms":357028,"kind":"response","payload":{"message":{"return":{}},"command":"screendump"}}
{"elapsed_ms":362025,"kind":"response","payload":{"message":{"return":{}},"command":"screendump"}}
{"elapsed_ms":367037,"kind":"response","payload":{"message":{"return":{}},"command":"screendump"}}
{"elapsed_ms":372016,"kind":"response","payload":{"message":{"return":{}},"command":"screendump"}}
{"elapsed_ms":377023,"kind":"response","payload":{"message":{"return":{}},"command":"screendump"}}
{"elapsed_ms":382019,"kind":"response","payload":{"message":{"return":{}},"command":"screendump"}}
{"elapsed_ms":387029,"kind":"response","payload":{"message":{"return":{}},"command":"screendump"}}
{"elapsed_ms":392015,"kind":"response","payload":{"message":{"return":{}},"command":"screendump"}}
{"elapsed_ms":397025,"kind":"response","payload":{"message":{"return":""},"command":"human-monitor-command"}}
{"elapsed_ms":397026,"kind":"input","payload":{"key":"shift-f10","scheduled_seconds":397}}
{"elapsed_ms":397041,"kind":"response","payload":{"message":{"return":{}},"command":"screendump"}}
{"elapsed_ms":402027,"kind":"response","payload":{"message":{"return":{}},"command":"screendump"}}
{"elapsed_ms":407022,"kind":"response","payload":{"message":{"return":""},"command":"human-monitor-command"}}
{"elapsed_ms":407099,"kind":"response","payload":{"message":{"return":""},"command":"human-monitor-command"}}
{"elapsed_ms":407147,"kind":"response","payload":{"message":{"return":""},"command":"human-monitor-command"}}
{"elapsed_ms":407195,"kind":"response","payload":{"message":{"return":""},"command":"human-monitor-command"}}
{"elapsed_ms":407243,"kind":"response","payload":{"message":{"return":""},"command":"human-monitor-command"}}
{"elapsed_ms":407291,"kind":"response","payload":{"message":{"return":""},"command":"human-monitor-command"}}
{"elapsed_ms":407353,"kind":"response","payload":{"message":{"return":""},"command":"human-monitor-command"}}
{"elapsed_ms":407399,"kind":"response","payload":{"message":{"return":""},"command":"human-monitor-command"}}
{"elapsed_ms":407461,"kind":"response","payload":{"message":{"return":""},"command":"human-monitor-command"}}
{"elapsed_ms":407509,"kind":"response","payload":{"message":{"return":""},"command":"human-monitor-command"}}
{"elapsed_ms":407557,"kind":"response","payload":{"message":{"return":""},"command":"human-monitor-command"}}
{"elapsed_ms":407605,"kind":"response","payload":{"message":{"return":""},"command":"human-monitor-command"}}
{"elapsed_ms":407652,"kind":"response","payload":{"message":{"return":""},"command":"human-monitor-command"}}
{"elapsed_ms":407713,"kind":"response","payload":{"message":{"return":""},"command":"human-monitor-command"}}
{"elapsed_ms":407761,"kind":"response","payload":{"message":{"return":""},"command":"human-monitor-command"}}
{"elapsed_ms":407809,"kind":"response","payload":{"message":{"return":""},"command":"human-monitor-command"}}
{"elapsed_ms":407857,"kind":"response","payload":{"message":{"return":""},"command":"human-monitor-command"}}
{"elapsed_ms":407919,"kind":"response","payload":{"message":{"return":""},"command":"human-monitor-command"}}
{"elapsed_ms":407980,"kind":"response","payload":{"message":{"return":""},"command":"human-monitor-command"}}
{"elapsed_ms":408041,"kind":"response","payload":{"message":{"return":""},"command":"human-monitor-command"}}
{"elapsed_ms":408089,"kind":"response","payload":{"message":{"return":""},"command":"human-monitor-command"}}
{"elapsed_ms":408135,"kind":"response","payload":{"message":{"return":""},"command":"human-monitor-command"}}
{"elapsed_ms":408196,"kind":"response","payload":{"message":{"return":""},"command":"human-monitor-command"}}
{"elapsed_ms":408243,"kind":"response","payload":{"message":{"return":""},"command":"human-monitor-command"}}
{"elapsed_ms":408305,"kind":"response","payload":{"message":{"return":""},"command":"human-monitor-command"}}
{"elapsed_ms":408352,"kind":"response","payload":{"message":{"return":""},"command":"human-monitor-command"}}
{"elapsed_ms":408400,"kind":"response","payload":{"message":{"return":""},"command":"human-monitor-command"}}
{"elapsed_ms":408447,"kind":"response","payload":{"message":{"return":""},"command":"human-monitor-command"}}
{"elapsed_ms":408508,"kind":"response","payload":{"message":{"return":""},"command":"human-monitor-command"}}
{"elapsed_ms":408556,"kind":"response","payload":{"message":{"return":""},"command":"human-monitor-command"}}
{"elapsed_ms":408618,"kind":"response","payload":{"message":{"return":""},"command":"human-monitor-command"}}
{"elapsed_ms":408666,"kind":"response","payload":{"message":{"return":""},"command":"human-monitor-command"}}
{"elapsed_ms":408714,"kind":"response","payload":{"message":{"return":""},"command":"human-monitor-command"}}
{"elapsed_ms":408762,"kind":"response","payload":{"message":{"return":""},"command":"human-monitor-command"}}
{"elapsed_ms":408809,"kind":"response","payload":{"message":{"return":""},"command":"human-monitor-command"}}
{"elapsed_ms":408856,"kind":"response","payload":{"message":{"return":""},"command":"human-monitor-command"}}
{"elapsed_ms":408904,"kind":"response","payload":{"message":{"return":""},"command":"human-monitor-command"}}
{"elapsed_ms":408951,"kind":"response","payload":{"message":{"return":""},"command":"human-monitor-command"}}
{"elapsed_ms":409012,"kind":"response","payload":{"message":{"return":""},"command":"human-monitor-command"}}
{"elapsed_ms":409060,"kind":"response","payload":{"message":{"return":""},"command":"human-monitor-command"}}
{"elapsed_ms":409106,"kind":"response","payload":{"message":{"return":""},"command":"human-monitor-command"}}
{"elapsed_ms":409153,"kind":"response","payload":{"message":{"return":""},"command":"human-monitor-command"}}
{"elapsed_ms":409200,"kind":"response","payload":{"message":{"return":""},"command":"human-monitor-command"}}
{"elapsed_ms":409246,"kind":"response","payload":{"message":{"return":""},"command":"human-monitor-command"}}
{"elapsed_ms":409294,"kind":"response","payload":{"message":{"return":""},"command":"human-monitor-command"}}
{"elapsed_ms":409341,"kind":"response","payload":{"message":{"return":""},"command":"human-monitor-command"}}
{"elapsed_ms":409387,"kind":"response","payload":{"message":{"return":""},"command":"human-monitor-command"}}
{"elapsed_ms":409434,"kind":"response","payload":{"message":{"return":""},"command":"human-monitor-command"}}
{"elapsed_ms":409482,"kind":"response","payload":{"message":{"return":""},"command":"human-monitor-command"}}
{"elapsed_ms":409530,"kind":"response","payload":{"message":{"return":""},"command":"human-monitor-command"}}
{"elapsed_ms":409578,"kind":"response","payload":{"message":{"return":""},"command":"human-monitor-command"}}
{"elapsed_ms":409625,"kind":"response","payload":{"message":{"return":""},"command":"human-monitor-command"}}
{"elapsed_ms":409672,"kind":"response","payload":{"message":{"return":""},"command":"human-monitor-command"}}
{"elapsed_ms":409720,"kind":"response","payload":{"message":{"return":""},"command":"human-monitor-command"}}
{"elapsed_ms":409768,"kind":"response","payload":{"message":{"return":""},"command":"human-monitor-command"}}
{"elapsed_ms":409816,"kind":"response","payload":{"message":{"return":""},"command":"human-monitor-command"}}
{"elapsed_ms":409862,"kind":"response","payload":{"message":{"return":""},"command":"human-monitor-command"}}
{"elapsed_ms":409910,"kind":"response","payload":{"message":{"return":""},"command":"human-monitor-command"}}
{"elapsed_ms":409956,"kind":"response","payload":{"message":{"return":""},"command":"human-monitor-command"}}
{"elapsed_ms":410002,"kind":"response","payload":{"message":{"return":""},"command":"human-monitor-command"}}
{"elapsed_ms":410050,"kind":"response","payload":{"message":{"return":""},"command":"human-monitor-command"}}
{"elapsed_ms":410098,"kind":"response","payload":{"message":{"return":""},"command":"human-monitor-command"}}
{"elapsed_ms":410162,"kind":"response","payload":{"message":{"return":""},"command":"human-monitor-command"}}
{"elapsed_ms":410210,"kind":"response","payload":{"message":{"return":""},"command":"human-monitor-command"}}
{"elapsed_ms":410256,"kind":"response","payload":{"message":{"return":""},"command":"human-monitor-command"}}
{"elapsed_ms":410303,"kind":"response","payload":{"message":{"return":""},"command":"human-monitor-command"}}
{"elapsed_ms":410349,"kind":"response","payload":{"message":{"return":""},"command":"human-monitor-command"}}
{"elapsed_ms":410412,"kind":"response","payload":{"message":{"return":""},"command":"human-monitor-command"}}
{"elapsed_ms":410460,"kind":"response","payload":{"message":{"return":""},"command":"human-monitor-command"}}
{"elapsed_ms":410508,"kind":"response","payload":{"message":{"return":""},"command":"human-monitor-command"}}
{"elapsed_ms":410556,"kind":"response","payload":{"message":{"return":""},"command":"human-monitor-command"}}
{"elapsed_ms":410604,"kind":"response","payload":{"message":{"return":""},"command":"human-monitor-command"}}
{"elapsed_ms":410652,"kind":"response","payload":{"message":{"return":""},"command":"human-monitor-command"}}
{"elapsed_ms":410700,"kind":"response","payload":{"message":{"return":""},"command":"human-monitor-command"}}
{"elapsed_ms":410732,"kind":"text-input","payload":{"text":"reg add hklm\\system\\setup\\labconfig /v bypasstpmcheck /t reg_dword /d 1 /f"}}
{"elapsed_ms":410748,"kind":"response","payload":{"message":{"return":{}},"command":"screendump"}}
{"elapsed_ms":412022,"kind":"response","payload":{"message":{"return":""},"command":"human-monitor-command"}}
{"elapsed_ms":412023,"kind":"input","payload":{"key":"ret","scheduled_seconds":412}}
{"elapsed_ms":412038,"kind":"response","payload":{"message":{"return":{}},"command":"screendump"}}
{"elapsed_ms":417022,"kind":"response","payload":{"message":{"return":""},"command":"human-monitor-command"}}
{"elapsed_ms":417069,"kind":"response","payload":{"message":{"return":""},"command":"human-monitor-command"}}
{"elapsed_ms":417116,"kind":"response","payload":{"message":{"return":""},"command":"human-monitor-command"}}
{"elapsed_ms":417164,"kind":"response","payload":{"message":{"return":""},"command":"human-monitor-command"}}
{"elapsed_ms":417212,"kind":"response","payload":{"message":{"return":""},"command":"human-monitor-command"}}
{"elapsed_ms":417259,"kind":"response","payload":{"message":{"return":""},"command":"human-monitor-command"}}
{"elapsed_ms":417306,"kind":"response","payload":{"message":{"return":""},"command":"human-monitor-command"}}
{"elapsed_ms":417354,"kind":"response","payload":{"message":{"return":""},"command":"human-monitor-command"}}
{"elapsed_ms":417416,"kind":"response","payload":{"message":{"return":""},"command":"human-monitor-command"}}
{"elapsed_ms":417462,"kind":"response","payload":{"message":{"return":""},"command":"human-monitor-command"}}
{"elapsed_ms":417510,"kind":"response","payload":{"message":{"return":""},"command":"human-monitor-command"}}
{"elapsed_ms":417572,"kind":"response","payload":{"message":{"return":""},"command":"human-monitor-command"}}
{"elapsed_ms":417620,"kind":"response","payload":{"message":{"return":""},"command":"human-monitor-command"}}
{"elapsed_ms":417668,"kind":"response","payload":{"message":{"return":""},"command":"human-monitor-command"}}
{"elapsed_ms":417716,"kind":"response","payload":{"message":{"return":""},"command":"human-monitor-command"}}
{"elapsed_ms":417764,"kind":"response","payload":{"message":{"return":""},"command":"human-monitor-command"}}
{"elapsed_ms":417812,"kind":"response","payload":{"message":{"return":""},"command":"human-monitor-command"}}
{"elapsed_ms":417860,"kind":"response","payload":{"message":{"return":""},"command":"human-monitor-command"}}
{"elapsed_ms":417908,"kind":"response","payload":{"message":{"return":""},"command":"human-monitor-command"}}
{"elapsed_ms":417956,"kind":"response","payload":{"message":{"return":""},"command":"human-monitor-command"}}
{"elapsed_ms":418002,"kind":"response","payload":{"message":{"return":""},"command":"human-monitor-command"}}
{"elapsed_ms":418050,"kind":"response","payload":{"message":{"return":""},"command":"human-monitor-command"}}
{"elapsed_ms":418098,"kind":"response","payload":{"message":{"return":""},"command":"human-monitor-command"}}
{"elapsed_ms":418160,"kind":"response","payload":{"message":{"return":""},"command":"human-monitor-command"}}
{"elapsed_ms":418205,"kind":"response","payload":{"message":{"return":""},"command":"human-monitor-command"}}
{"elapsed_ms":418266,"kind":"response","payload":{"message":{"return":""},"command":"human-monitor-command"}}
{"elapsed_ms":418328,"kind":"response","payload":{"message":{"return":""},"command":"human-monitor-command"}}
{"elapsed_ms":418374,"kind":"response","payload":{"message":{"return":""},"command":"human-monitor-command"}}
{"elapsed_ms":418422,"kind":"response","payload":{"message":{"return":""},"command":"human-monitor-command"}}
{"elapsed_ms":418483,"kind":"response","payload":{"message":{"return":""},"command":"human-monitor-command"}}
{"elapsed_ms":418531,"kind":"response","payload":{"message":{"return":""},"command":"human-monitor-command"}}
{"elapsed_ms":418592,"kind":"response","payload":{"message":{"return":""},"command":"human-monitor-command"}}
{"elapsed_ms":418639,"kind":"response","payload":{"message":{"return":""},"command":"human-monitor-command"}}
{"elapsed_ms":418685,"kind":"response","payload":{"message":{"return":""},"command":"human-monitor-command"}}
{"elapsed_ms":418731,"kind":"response","payload":{"message":{"return":""},"command":"human-monitor-command"}}
{"elapsed_ms":418777,"kind":"response","payload":{"message":{"return":""},"command":"human-monitor-command"}}
{"elapsed_ms":418823,"kind":"response","payload":{"message":{"return":""},"command":"human-monitor-command"}}
{"elapsed_ms":418871,"kind":"response","payload":{"message":{"return":""},"command":"human-monitor-command"}}
{"elapsed_ms":418919,"kind":"response","payload":{"message":{"return":""},"command":"human-monitor-command"}}
{"elapsed_ms":418967,"kind":"response","payload":{"message":{"return":""},"command":"human-monitor-command"}}
{"elapsed_ms":419015,"kind":"response","payload":{"message":{"return":""},"command":"human-monitor-command"}}
{"elapsed_ms":419063,"kind":"response","payload":{"message":{"return":""},"command":"human-monitor-command"}}
{"elapsed_ms":419110,"kind":"response","payload":{"message":{"return":""},"command":"human-monitor-command"}}
{"elapsed_ms":419156,"kind":"response","payload":{"message":{"return":""},"command":"human-monitor-command"}}
{"elapsed_ms":419203,"kind":"response","payload":{"message":{"return":""},"command":"human-monitor-command"}}
{"elapsed_ms":419251,"kind":"response","payload":{"message":{"return":""},"command":"human-monitor-command"}}
{"elapsed_ms":419299,"kind":"response","payload":{"message":{"return":""},"command":"human-monitor-command"}}
{"elapsed_ms":419347,"kind":"response","payload":{"message":{"return":""},"command":"human-monitor-command"}}
{"elapsed_ms":419394,"kind":"response","payload":{"message":{"return":""},"command":"human-monitor-command"}}
{"elapsed_ms":419441,"kind":"response","payload":{"message":{"return":""},"command":"human-monitor-command"}}
{"elapsed_ms":419487,"kind":"response","payload":{"message":{"return":""},"command":"human-monitor-command"}}
{"elapsed_ms":419535,"kind":"response","payload":{"message":{"return":""},"command":"human-monitor-command"}}
{"elapsed_ms":419582,"kind":"response","payload":{"message":{"return":""},"command":"human-monitor-command"}}
{"elapsed_ms":419629,"kind":"response","payload":{"message":{"return":""},"command":"human-monitor-command"}}
{"elapsed_ms":419677,"kind":"response","payload":{"message":{"return":""},"command":"human-monitor-command"}}
{"elapsed_ms":419725,"kind":"response","payload":{"message":{"return":""},"command":"human-monitor-command"}}
{"elapsed_ms":419773,"kind":"response","payload":{"message":{"return":""},"command":"human-monitor-command"}}
{"elapsed_ms":419821,"kind":"response","payload":{"message":{"return":""},"command":"human-monitor-command"}}
{"elapsed_ms":419869,"kind":"response","payload":{"message":{"return":""},"command":"human-monitor-command"}}
{"elapsed_ms":419916,"kind":"response","payload":{"message":{"return":""},"command":"human-monitor-command"}}
{"elapsed_ms":419977,"kind":"response","payload":{"message":{"return":""},"command":"human-monitor-command"}}
{"elapsed_ms":420025,"kind":"response","payload":{"message":{"return":""},"command":"human-monitor-command"}}
{"elapsed_ms":420073,"kind":"response","payload":{"message":{"return":""},"command":"human-monitor-command"}}
{"elapsed_ms":420120,"kind":"response","payload":{"message":{"return":""},"command":"human-monitor-command"}}
{"elapsed_ms":420166,"kind":"response","payload":{"message":{"return":""},"command":"human-monitor-command"}}
{"elapsed_ms":420228,"kind":"response","payload":{"message":{"return":""},"command":"human-monitor-command"}}
{"elapsed_ms":420275,"kind":"response","payload":{"message":{"return":""},"command":"human-monitor-command"}}
{"elapsed_ms":420323,"kind":"response","payload":{"message":{"return":""},"command":"human-monitor-command"}}
{"elapsed_ms":420370,"kind":"response","payload":{"message":{"return":""},"command":"human-monitor-command"}}
{"elapsed_ms":420416,"kind":"response","payload":{"message":{"return":""},"command":"human-monitor-command"}}
{"elapsed_ms":420463,"kind":"response","payload":{"message":{"return":""},"command":"human-monitor-command"}}
{"elapsed_ms":420511,"kind":"response","payload":{"message":{"return":""},"command":"human-monitor-command"}}
{"elapsed_ms":420559,"kind":"response","payload":{"message":{"return":""},"command":"human-monitor-command"}}
{"elapsed_ms":420607,"kind":"response","payload":{"message":{"return":""},"command":"human-monitor-command"}}
{"elapsed_ms":420669,"kind":"response","payload":{"message":{"return":""},"command":"human-monitor-command"}}
{"elapsed_ms":420715,"kind":"response","payload":{"message":{"return":""},"command":"human-monitor-command"}}
{"elapsed_ms":420762,"kind":"response","payload":{"message":{"return":""},"command":"human-monitor-command"}}
{"elapsed_ms":420809,"kind":"response","payload":{"message":{"return":""},"command":"human-monitor-command"}}
{"elapsed_ms":420857,"kind":"response","payload":{"message":{"return":""},"command":"human-monitor-command"}}
{"elapsed_ms":420905,"kind":"response","payload":{"message":{"return":""},"command":"human-monitor-command"}}
{"elapsed_ms":420951,"kind":"response","payload":{"message":{"return":""},"command":"human-monitor-command"}}
{"elapsed_ms":420983,"kind":"text-input","payload":{"text":"reg add hklm\\system\\setup\\labconfig /v bypasssecurebootcheck /t reg_dword /d 1 /f"}}
{"elapsed_ms":420999,"kind":"response","payload":{"message":{"return":{}},"command":"screendump"}}
{"elapsed_ms":422023,"kind":"response","payload":{"message":{"return":""},"command":"human-monitor-command"}}
{"elapsed_ms":422024,"kind":"input","payload":{"key":"ret","scheduled_seconds":422}}
{"elapsed_ms":422039,"kind":"response","payload":{"message":{"return":{}},"command":"screendump"}}
{"elapsed_ms":427028,"kind":"response","payload":{"message":{"return":""},"command":"human-monitor-command"}}
{"elapsed_ms":427076,"kind":"response","payload":{"message":{"return":""},"command":"human-monitor-command"}}
{"elapsed_ms":427124,"kind":"response","payload":{"message":{"return":""},"command":"human-monitor-command"}}
{"elapsed_ms":427172,"kind":"response","payload":{"message":{"return":""},"command":"human-monitor-command"}}
{"elapsed_ms":427204,"kind":"text-input","payload":{"text":"exit"}}
{"elapsed_ms":427220,"kind":"response","payload":{"message":{"return":{}},"command":"screendump"}}
{"elapsed_ms":429034,"kind":"response","payload":{"message":{"return":""},"command":"human-monitor-command"}}
{"elapsed_ms":429036,"kind":"input","payload":{"key":"ret","scheduled_seconds":429}}
{"elapsed_ms":432023,"kind":"response","payload":{"message":{"return":{}},"command":"screendump"}}
{"elapsed_ms":437019,"kind":"response","payload":{"message":{"return":{}},"command":"screendump"}}
{"elapsed_ms":442027,"kind":"response","payload":{"message":{"return":{}},"command":"screendump"}}
{"elapsed_ms":447026,"kind":"response","payload":{"message":{"return":""},"command":"human-monitor-command"}}
{"elapsed_ms":447028,"kind":"input","payload":{"key":"ret","scheduled_seconds":447}}
{"elapsed_ms":447042,"kind":"response","payload":{"message":{"return":{}},"command":"screendump"}}
{"elapsed_ms":452030,"kind":"response","payload":{"message":{"return":{}},"command":"screendump"}}
{"elapsed_ms":457024,"kind":"response","payload":{"message":{"return":{}},"command":"screendump"}}
{"elapsed_ms":462026,"kind":"response","payload":{"message":{"return":{}},"command":"screendump"}}
{"elapsed_ms":467030,"kind":"response","payload":{"message":{"return":{}},"command":"screendump"}}
{"elapsed_ms":472030,"kind":"response","payload":{"message":{"return":{}},"command":"screendump"}}
{"elapsed_ms":477026,"kind":"response","payload":{"message":{"return":{}},"command":"screendump"}}
{"elapsed_ms":482018,"kind":"response","payload":{"message":{"return":{}},"command":"screendump"}}
{"elapsed_ms":487027,"kind":"response","payload":{"message":{"return":""},"command":"human-monitor-command"}}
{"elapsed_ms":487028,"kind":"input","payload":{"key":"ret","scheduled_seconds":487}}
{"elapsed_ms":487042,"kind":"response","payload":{"message":{"return":{}},"command":"screendump"}}
{"elapsed_ms":492030,"kind":"response","payload":{"message":{"return":{}},"command":"screendump"}}
{"elapsed_ms":497030,"kind":"response","payload":{"message":{"return":{}},"command":"screendump"}}
{"elapsed_ms":502030,"kind":"response","payload":{"message":{"return":{}},"command":"screendump"}}
{"elapsed_ms":507036,"kind":"response","payload":{"message":{"return":{}},"command":"screendump"}}
{"elapsed_ms":512023,"kind":"response","payload":{"message":{"return":{}},"command":"screendump"}}
{"elapsed_ms":517022,"kind":"response","payload":{"message":{"return":{}},"command":"screendump"}}
{"elapsed_ms":522018,"kind":"response","payload":{"message":{"return":{}},"command":"screendump"}}
{"elapsed_ms":527018,"kind":"response","payload":{"message":{"return":{}},"command":"screendump"}}
{"elapsed_ms":532029,"kind":"response","payload":{"message":{"return":{}},"command":"screendump"}}
{"elapsed_ms":537030,"kind":"response","payload":{"message":{"return":{}},"command":"screendump"}}
{"elapsed_ms":542016,"kind":"response","payload":{"message":{"return":""},"command":"human-monitor-command"}}
{"elapsed_ms":542017,"kind":"input","payload":{"key":"tab","scheduled_seconds":542}}
{"elapsed_ms":542031,"kind":"response","payload":{"message":{"return":{}},"command":"screendump"}}
{"elapsed_ms":545038,"kind":"response","payload":{"message":{"return":""},"command":"human-monitor-command"}}
{"elapsed_ms":545039,"kind":"input","payload":{"key":"spc","scheduled_seconds":545}}
{"elapsed_ms":547025,"kind":"response","payload":{"message":{"return":{}},"command":"screendump"}}
{"elapsed_ms":548019,"kind":"response","payload":{"message":{"return":""},"command":"human-monitor-command"}}
{"elapsed_ms":548020,"kind":"input","payload":{"key":"alt-d","scheduled_seconds":548}}
{"elapsed_ms":552023,"kind":"response","payload":{"message":{"return":{}},"command":"screendump"}}
{"elapsed_ms":557015,"kind":"response","payload":{"message":{"return":{}},"command":"screendump"}}
{"elapsed_ms":562017,"kind":"response","payload":{"message":{"return":{}},"command":"screendump"}}
{"elapsed_ms":567025,"kind":"response","payload":{"message":{"return":{}},"command":"screendump"}}
{"elapsed_ms":572023,"kind":"response","payload":{"message":{"return":{}},"command":"screendump"}}
{"elapsed_ms":577022,"kind":"response","payload":{"message":{"return":{}},"command":"screendump"}}
{"elapsed_ms":582022,"kind":"response","payload":{"message":{"return":{}},"command":"screendump"}}
{"elapsed_ms":587026,"kind":"response","payload":{"message":{"return":{}},"command":"screendump"}}
{"elapsed_ms":592023,"kind":"response","payload":{"message":{"return":{}},"command":"screendump"}}
{"elapsed_ms":597017,"kind":"response","payload":{"message":{"return":{}},"command":"screendump"}}
{"elapsed_ms":602017,"kind":"response","payload":{"message":{"return":{}},"command":"screendump"}}
{"elapsed_ms":607027,"kind":"response","payload":{"message":{"return":{}},"command":"screendump"}}
{"elapsed_ms":612018,"kind":"response","payload":{"message":{"return":{}},"command":"screendump"}}
{"elapsed_ms":617027,"kind":"response","payload":{"message":{"return":""},"command":"human-monitor-command"}}
{"elapsed_ms":617029,"kind":"input","payload":{"key":"tab","scheduled_seconds":617}}
{"elapsed_ms":617043,"kind":"response","payload":{"message":{"return":{}},"command":"screendump"}}
{"elapsed_ms":620043,"kind":"response","payload":{"message":{"return":""},"command":"human-monitor-command"}}
{"elapsed_ms":620044,"kind":"input","payload":{"key":"ret","scheduled_seconds":620}}
{"elapsed_ms":622022,"kind":"response","payload":{"message":{"return":{}},"command":"screendump"}}
{"elapsed_ms":627021,"kind":"response","payload":{"message":{"return":{}},"command":"screendump"}}
{"elapsed_ms":632031,"kind":"response","payload":{"message":{"return":{}},"command":"screendump"}}
{"elapsed_ms":637020,"kind":"response","payload":{"message":{"return":{}},"command":"screendump"}}
{"elapsed_ms":642023,"kind":"response","payload":{"message":{"return":{}},"command":"screendump"}}
{"elapsed_ms":647019,"kind":"response","payload":{"message":{"return":{}},"command":"screendump"}}
{"elapsed_ms":652027,"kind":"response","payload":{"message":{"return":{}},"command":"screendump"}}
{"elapsed_ms":657025,"kind":"response","payload":{"message":{"return":{}},"command":"screendump"}}
{"elapsed_ms":662016,"kind":"response","payload":{"message":{"return":{}},"command":"screendump"}}
{"elapsed_ms":667017,"kind":"response","payload":{"message":{"return":{}},"command":"screendump"}}
{"elapsed_ms":672025,"kind":"response","payload":{"message":{"return":{}},"command":"screendump"}}
{"elapsed_ms":677029,"kind":"response","payload":{"message":{"return":{}},"command":"screendump"}}
{"elapsed_ms":682020,"kind":"response","payload":{"message":{"return":{}},"command":"screendump"}}
{"elapsed_ms":687029,"kind":"response","payload":{"message":{"return":{}},"command":"screendump"}}
{"elapsed_ms":692026,"kind":"response","payload":{"message":{"return":{}},"command":"screendump"}}
{"elapsed_ms":697029,"kind":"response","payload":{"message":{"return":{}},"command":"screendump"}}
{"elapsed_ms":702019,"kind":"response","payload":{"message":{"return":{}},"command":"screendump"}}
{"elapsed_ms":707026,"kind":"response","payload":{"message":{"return":{}},"command":"screendump"}}
{"elapsed_ms":712024,"kind":"response","payload":{"message":{"return":{}},"command":"screendump"}}
{"elapsed_ms":717024,"kind":"response","payload":{"message":{"return":{}},"command":"screendump"}}
{"elapsed_ms":722022,"kind":"response","payload":{"message":{"return":{}},"command":"screendump"}}
{"elapsed_ms":727025,"kind":"response","payload":{"message":{"return":{}},"command":"screendump"}}
{"elapsed_ms":732020,"kind":"response","payload":{"message":{"return":{}},"command":"screendump"}}
{"elapsed_ms":737017,"kind":"response","payload":{"message":{"return":{}},"command":"screendump"}}
{"elapsed_ms":742022,"kind":"response","payload":{"message":{"return":{}},"command":"screendump"}}
{"elapsed_ms":747024,"kind":"response","payload":{"message":{"return":{}},"command":"screendump"}}
{"elapsed_ms":752016,"kind":"response","payload":{"message":{"return":{}},"command":"screendump"}}
{"elapsed_ms":757020,"kind":"response","payload":{"message":{"return":{}},"command":"screendump"}}
{"elapsed_ms":762021,"kind":"response","payload":{"message":{"return":{}},"command":"screendump"}}
{"elapsed_ms":767016,"kind":"response","payload":{"message":{"return":{}},"command":"screendump"}}
{"elapsed_ms":772030,"kind":"response","payload":{"message":{"return":{}},"command":"screendump"}}
{"elapsed_ms":777028,"kind":"response","payload":{"message":{"return":""},"command":"human-monitor-command"}}
{"elapsed_ms":777029,"kind":"input","payload":{"key":"ret","scheduled_seconds":777}}
{"elapsed_ms":777044,"kind":"response","payload":{"message":{"return":{}},"command":"screendump"}}
{"elapsed_ms":782025,"kind":"response","payload":{"message":{"return":{}},"command":"screendump"}}
{"elapsed_ms":787027,"kind":"response","payload":{"message":{"return":{}},"command":"screendump"}}
{"elapsed_ms":792019,"kind":"response","payload":{"message":{"return":{}},"command":"screendump"}}
{"elapsed_ms":797029,"kind":"response","payload":{"message":{"return":{}},"command":"screendump"}}
{"elapsed_ms":802018,"kind":"response","payload":{"message":{"return":{}},"command":"screendump"}}
{"elapsed_ms":807029,"kind":"response","payload":{"message":{"return":{}},"command":"screendump"}}
{"elapsed_ms":812017,"kind":"response","payload":{"message":{"return":{}},"command":"screendump"}}
{"elapsed_ms":817019,"kind":"response","payload":{"message":{"return":{}},"command":"screendump"}}
{"elapsed_ms":822019,"kind":"response","payload":{"message":{"return":{}},"command":"screendump"}}
{"elapsed_ms":827028,"kind":"response","payload":{"message":{"return":{}},"command":"screendump"}}
{"elapsed_ms":832025,"kind":"response","payload":{"message":{"return":{}},"command":"screendump"}}
{"elapsed_ms":837015,"kind":"response","payload":{"message":{"return":{}},"command":"screendump"}}
{"elapsed_ms":842017,"kind":"response","payload":{"message":{"return":{}},"command":"screendump"}}
{"elapsed_ms":847026,"kind":"response","payload":{"message":{"return":{}},"command":"screendump"}}
{"elapsed_ms":852022,"kind":"response","payload":{"message":{"return":{}},"command":"screendump"}}
{"elapsed_ms":857021,"kind":"response","payload":{"message":{"return":{}},"command":"screendump"}}
{"elapsed_ms":862023,"kind":"response","payload":{"message":{"return":{}},"command":"screendump"}}
{"elapsed_ms":867021,"kind":"response","payload":{"message":{"return":{}},"command":"screendump"}}
{"elapsed_ms":872019,"kind":"response","payload":{"message":{"return":{}},"command":"screendump"}}
{"elapsed_ms":877021,"kind":"response","payload":{"message":{"return":{}},"command":"screendump"}}
{"elapsed_ms":882027,"kind":"response","payload":{"message":{"return":{}},"command":"screendump"}}
{"elapsed_ms":887027,"kind":"response","payload":{"message":{"return":""},"command":"human-monitor-command"}}
{"elapsed_ms":887028,"kind":"input","payload":{"key":"ret","scheduled_seconds":887}}
{"elapsed_ms":887042,"kind":"response","payload":{"message":{"return":{}},"command":"screendump"}}
{"elapsed_ms":892030,"kind":"response","payload":{"message":{"return":{}},"command":"screendump"}}
{"elapsed_ms":897018,"kind":"response","payload":{"message":{"return":{}},"command":"screendump"}}
{"elapsed_ms":902031,"kind":"response","payload":{"message":{"return":{}},"command":"screendump"}}
{"elapsed_ms":907024,"kind":"response","payload":{"message":{"return":{}},"command":"screendump"}}
{"elapsed_ms":912016,"kind":"response","payload":{"message":{"return":{}},"command":"screendump"}}
{"elapsed_ms":917019,"kind":"response","payload":{"message":{"return":{}},"command":"screendump"}}
{"elapsed_ms":922025,"kind":"response","payload":{"message":{"return":{}},"command":"screendump"}}
{"elapsed_ms":927029,"kind":"response","payload":{"message":{"return":{}},"command":"screendump"}}
{"elapsed_ms":932028,"kind":"response","payload":{"message":{"return":{}},"command":"screendump"}}
{"elapsed_ms":937022,"kind":"response","payload":{"message":{"return":{}},"command":"screendump"}}
{"elapsed_ms":942022,"kind":"response","payload":{"message":{"return":{}},"command":"screendump"}}
{"elapsed_ms":947016,"kind":"response","payload":{"message":{"return":{}},"command":"screendump"}}
{"elapsed_ms":952016,"kind":"response","payload":{"message":{"return":{}},"command":"screendump"}}
{"elapsed_ms":957016,"kind":"response","payload":{"message":{"return":{}},"command":"screendump"}}
{"elapsed_ms":962031,"kind":"response","payload":{"message":{"return":{}},"command":"screendump"}}
{"elapsed_ms":967025,"kind":"response","payload":{"message":{"return":{}},"command":"screendump"}}
{"elapsed_ms":972021,"kind":"response","payload":{"message":{"return":{}},"command":"screendump"}}
{"elapsed_ms":977031,"kind":"response","payload":{"message":{"return":{}},"command":"screendump"}}
{"elapsed_ms":982017,"kind":"response","payload":{"message":{"return":{}},"command":"screendump"}}
{"elapsed_ms":987029,"kind":"response","payload":{"message":{"return":{}},"command":"screendump"}}
{"elapsed_ms":992019,"kind":"response","payload":{"message":{"return":{}},"command":"screendump"}}
{"elapsed_ms":997023,"kind":"response","payload":{"message":{"return":{}},"command":"screendump"}}
{"elapsed_ms":1002017,"kind":"response","payload":{"message":{"return":{}},"command":"screendump"}}
{"elapsed_ms":1007029,"kind":"response","payload":{"message":{"return":{}},"command":"screendump"}}
{"elapsed_ms":1012027,"kind":"response","payload":{"message":{"return":{}},"command":"screendump"}}
{"elapsed_ms":1017030,"kind":"response","payload":{"message":{"return":{}},"command":"screendump"}}
{"elapsed_ms":1022024,"kind":"response","payload":{"message":{"return":{}},"command":"screendump"}}
{"elapsed_ms":1027019,"kind":"response","payload":{"message":{"return":{}},"command":"screendump"}}
{"elapsed_ms":1032027,"kind":"response","payload":{"message":{"return":{}},"command":"screendump"}}
{"elapsed_ms":1037029,"kind":"response","payload":{"message":{"return":{}},"command":"screendump"}}
{"elapsed_ms":1042027,"kind":"response","payload":{"message":{"return":{}},"command":"screendump"}}
{"elapsed_ms":1047019,"kind":"response","payload":{"message":{"return":{}},"command":"screendump"}}
{"elapsed_ms":1052030,"kind":"response","payload":{"message":{"return":{}},"command":"screendump"}}
{"elapsed_ms":1057027,"kind":"response","payload":{"message":{"return":{}},"command":"screendump"}}
{"elapsed_ms":1062017,"kind":"response","payload":{"message":{"return":{}},"command":"screendump"}}
{"elapsed_ms":1067023,"kind":"response","payload":{"message":{"return":{}},"command":"screendump"}}
{"elapsed_ms":1072030,"kind":"response","payload":{"message":{"return":{}},"command":"screendump"}}
{"elapsed_ms":1077021,"kind":"response","payload":{"message":{"return":{}},"command":"screendump"}}
{"elapsed_ms":1082020,"kind":"response","payload":{"message":{"return":{}},"command":"screendump"}}
{"elapsed_ms":1087020,"kind":"response","payload":{"message":{"return":{}},"command":"screendump"}}
{"elapsed_ms":1092022,"kind":"response","payload":{"message":{"return":{}},"command":"screendump"}}
{"elapsed_ms":1097025,"kind":"response","payload":{"message":{"return":{}},"command":"screendump"}}
{"elapsed_ms":1102029,"kind":"response","payload":{"message":{"return":{}},"command":"screendump"}}
{"elapsed_ms":1107023,"kind":"response","payload":{"message":{"return":{}},"command":"screendump"}}
{"elapsed_ms":1112026,"kind":"response","payload":{"message":{"return":{}},"command":"screendump"}}
{"elapsed_ms":1117029,"kind":"response","payload":{"message":{"return":{}},"command":"screendump"}}
{"elapsed_ms":1120029,"kind":"response","payload":{"message":{"return":{"status":"running","running":true}},"command":"query-status"}}
{"elapsed_ms":1120030,"kind":"runner","payload":{"reason":"capture-complete","action":"quit"}}
